Archive member included because of file (symbol)

/usr/local/CrossPack-AVR-20131216/lib/gcc/avr/4.8.1/avr5/libgcc.a(_mulsi3.o)
                              ./wmath.o (__mulsi3)
/usr/local/CrossPack-AVR-20131216/lib/gcc/avr/4.8.1/avr5/libgcc.a(_divmodhi4.o)
                              ./wmath.o (__divmodhi4)
/usr/local/CrossPack-AVR-20131216/lib/gcc/avr/4.8.1/avr5/libgcc.a(_udivmodsi4.o)
                              ./serial.o (__udivmodsi4)
/usr/local/CrossPack-AVR-20131216/lib/gcc/avr/4.8.1/avr5/libgcc.a(_divmodsi4.o)
                              ./wmath.o (__divmodsi4)
/usr/local/CrossPack-AVR-20131216/lib/gcc/avr/4.8.1/avr5/libgcc.a(_negsi2.o)
                              /usr/local/CrossPack-AVR-20131216/lib/gcc/avr/4.8.1/avr5/libgcc.a(_divmodsi4.o) (__negsi2)
/usr/local/CrossPack-AVR-20131216/lib/gcc/avr/4.8.1/avr5/libgcc.a(_exit.o)
                              /usr/local/CrossPack-AVR-20131216/lib/gcc/avr/4.8.1/../../../../avr/lib/avr5/crtm328p.o (exit)
/usr/local/CrossPack-AVR-20131216/lib/gcc/avr/4.8.1/avr5/libgcc.a(_tablejump.o)
                              ./main.o (__tablejump2__)
/usr/local/CrossPack-AVR-20131216/lib/gcc/avr/4.8.1/avr5/libgcc.a(_copy_data.o)
                              ./MP3sound.o (__do_copy_data)
/usr/local/CrossPack-AVR-20131216/lib/gcc/avr/4.8.1/avr5/libgcc.a(_clear_bss.o)
                              ./MP3sound.o (__do_clear_bss)
/usr/local/CrossPack-AVR-20131216/lib/gcc/avr/4.8.1/avr5/libgcc.a(_muluhisi3.o)
                              /usr/local/CrossPack-AVR-20131216/lib/gcc/avr/4.8.1/avr5/libgcc.a(_mulsi3.o) (__muluhisi3)
/usr/local/CrossPack-AVR-20131216/lib/gcc/avr/4.8.1/avr5/libgcc.a(_udivmodhi4.o)
                              /usr/local/CrossPack-AVR-20131216/lib/gcc/avr/4.8.1/avr5/libgcc.a(_divmodhi4.o) (__udivmodhi4)
/usr/local/CrossPack-AVR-20131216/lib/gcc/avr/4.8.1/avr5/libgcc.a(_umulhisi3.o)
                              /usr/local/CrossPack-AVR-20131216/lib/gcc/avr/4.8.1/avr5/libgcc.a(_muluhisi3.o) (__umulhisi3)
/usr/local/CrossPack-AVR-20131216/lib/gcc/avr/4.8.1/../../../../avr/lib/avr5/libc.a(rand.o)
                              ./wmath.o (rand)
/usr/local/CrossPack-AVR-20131216/lib/gcc/avr/4.8.1/../../../../avr/lib/avr5/libc.a(random.o)
                              ./wmath.o (random)
/usr/local/CrossPack-AVR-20131216/lib/gcc/avr/4.8.1/../../../../avr/lib/avr5/libc.a(atoi.o)
                              ./MP3sound.o (atoi)
/usr/local/CrossPack-AVR-20131216/lib/gcc/avr/4.8.1/../../../../avr/lib/avr5/libc.a(strtok.o)
                              ./main.o (strtok)
/usr/local/CrossPack-AVR-20131216/lib/gcc/avr/4.8.1/../../../../avr/lib/avr5/libc.a(strcmp.o)
                              ./main.o (strcmp)
/usr/local/CrossPack-AVR-20131216/lib/gcc/avr/4.8.1/../../../../avr/lib/avr5/libc.a(strcpy.o)
                              ./main.o (strcpy)
/usr/local/CrossPack-AVR-20131216/lib/gcc/avr/4.8.1/../../../../avr/lib/avr5/libc.a(strtok_r.o)
                              /usr/local/CrossPack-AVR-20131216/lib/gcc/avr/4.8.1/../../../../avr/lib/avr5/libc.a(strtok.o) (strtok_r)
/usr/local/CrossPack-AVR-20131216/lib/gcc/avr/4.8.1/../../../../avr/lib/avr5/libc.a(mul10.o)
                              /usr/local/CrossPack-AVR-20131216/lib/gcc/avr/4.8.1/../../../../avr/lib/avr5/libc.a(atoi.o) (__mulhi_const_10)
/usr/local/CrossPack-AVR-20131216/lib/gcc/avr/4.8.1/../../../../avr/lib/avr5/libc.a(sprintf.o)
                              ./main.o (sprintf)
/usr/local/CrossPack-AVR-20131216/lib/gcc/avr/4.8.1/../../../../avr/lib/avr5/libc.a(sscanf.o)
                              ./main.o (sscanf)
/usr/local/CrossPack-AVR-20131216/lib/gcc/avr/4.8.1/../../../../avr/lib/avr5/libc.a(vfprintf_std.o)
                              /usr/local/CrossPack-AVR-20131216/lib/gcc/avr/4.8.1/../../../../avr/lib/avr5/libc.a(sprintf.o) (vfprintf)
/usr/local/CrossPack-AVR-20131216/lib/gcc/avr/4.8.1/../../../../avr/lib/avr5/libc.a(vfscanf_std.o)
                              /usr/local/CrossPack-AVR-20131216/lib/gcc/avr/4.8.1/../../../../avr/lib/avr5/libc.a(sscanf.o) (vfscanf)
/usr/local/CrossPack-AVR-20131216/lib/gcc/avr/4.8.1/../../../../avr/lib/avr5/libc.a(isspace.o)
                              /usr/local/CrossPack-AVR-20131216/lib/gcc/avr/4.8.1/../../../../avr/lib/avr5/libc.a(vfscanf_std.o) (isspace)
/usr/local/CrossPack-AVR-20131216/lib/gcc/avr/4.8.1/../../../../avr/lib/avr5/libc.a(strchr_P.o)
                              /usr/local/CrossPack-AVR-20131216/lib/gcc/avr/4.8.1/../../../../avr/lib/avr5/libc.a(vfscanf_std.o) (strchr_P)
/usr/local/CrossPack-AVR-20131216/lib/gcc/avr/4.8.1/../../../../avr/lib/avr5/libc.a(strnlen_P.o)
                              /usr/local/CrossPack-AVR-20131216/lib/gcc/avr/4.8.1/../../../../avr/lib/avr5/libc.a(vfprintf_std.o) (strnlen_P)
/usr/local/CrossPack-AVR-20131216/lib/gcc/avr/4.8.1/../../../../avr/lib/avr5/libc.a(strnlen.o)
                              /usr/local/CrossPack-AVR-20131216/lib/gcc/avr/4.8.1/../../../../avr/lib/avr5/libc.a(vfprintf_std.o) (strnlen)
/usr/local/CrossPack-AVR-20131216/lib/gcc/avr/4.8.1/../../../../avr/lib/avr5/libc.a(fgetc.o)
                              /usr/local/CrossPack-AVR-20131216/lib/gcc/avr/4.8.1/../../../../avr/lib/avr5/libc.a(vfscanf_std.o) (fgetc)
/usr/local/CrossPack-AVR-20131216/lib/gcc/avr/4.8.1/../../../../avr/lib/avr5/libc.a(fputc.o)
                              /usr/local/CrossPack-AVR-20131216/lib/gcc/avr/4.8.1/../../../../avr/lib/avr5/libc.a(vfprintf_std.o) (fputc)
/usr/local/CrossPack-AVR-20131216/lib/gcc/avr/4.8.1/../../../../avr/lib/avr5/libc.a(ungetc.o)
                              /usr/local/CrossPack-AVR-20131216/lib/gcc/avr/4.8.1/../../../../avr/lib/avr5/libc.a(vfscanf_std.o) (ungetc)
/usr/local/CrossPack-AVR-20131216/lib/gcc/avr/4.8.1/../../../../avr/lib/avr5/libc.a(ultoa_invert.o)
                              /usr/local/CrossPack-AVR-20131216/lib/gcc/avr/4.8.1/../../../../avr/lib/avr5/libc.a(vfprintf_std.o) (__ultoa_invert)
/usr/local/CrossPack-AVR-20131216/lib/gcc/avr/4.8.1/../../../../avr/lib/avr5/libc.a(cty_isfalse.o)
                              /usr/local/CrossPack-AVR-20131216/lib/gcc/avr/4.8.1/../../../../avr/lib/avr5/libc.a(isspace.o) (__ctype_isfalse)
/usr/local/CrossPack-AVR-20131216/lib/gcc/avr/4.8.1/avr5/libgcc.a(_mulshisi3.o)
                              /usr/local/CrossPack-AVR-20131216/lib/gcc/avr/4.8.1/../../../../avr/lib/avr5/libc.a(rand.o) (__mulohisi3)
/usr/local/CrossPack-AVR-20131216/lib/gcc/avr/4.8.1/avr5/libgcc.a(_prologue.o)
                              /usr/local/CrossPack-AVR-20131216/lib/gcc/avr/4.8.1/../../../../avr/lib/avr5/libc.a(sprintf.o) (__prologue_saves__)
/usr/local/CrossPack-AVR-20131216/lib/gcc/avr/4.8.1/avr5/libgcc.a(_epilogue.o)
                              /usr/local/CrossPack-AVR-20131216/lib/gcc/avr/4.8.1/../../../../avr/lib/avr5/libc.a(sprintf.o) (__epilogue_restores__)

Allocating common symbols
Common symbol       size              file

inbuf               0x40              ./serial.o
rt_seconds          0x2               ./realtime.o
seq_current         0x14              ./sequencer.o
rt_function_array   0x6               ./realtime.o
hundreds            0x1               ./realtime.o
outfifo             0x8               ./serial.o
servo_value         0x18              ./servo.o
rt_timer_array      0x14              ./realtime.o
panel_rc_control    0xa               ./main.o
servo_rcvalid       0x1               ./servo.o
rt_count2           0x2               ./realtime.o
seq_completion_callback
                    0x2               ./sequencer.o
servo_rcend         0x2               ./servo.o
servo_rcbegin       0x2               ./servo.o
rt_timeout_i2c      0x2               ./i2c.o
servo_pin           0xc               ./servo.o
killbuzz_timer      0x2               ./main.o
infifo              0x8               ./serial.o
servo_rctimeout     0x1               ./servo.o
servo_port          0x18              ./servo.o
servo_gotpulse      0x1               ./servo.o
seq_goal            0x14              ./sequencer.o
seconds             0x1               ./realtime.o
mp3_random_timer    0x2               ./MP3sound.o
panel_to_silence    0xa               ./main.o
servo_rctemp        0x2               ./servo.o
outbuf              0xff              ./serial.o
seq_timeout         0x2               ./sequencer.o
command_buffer      0x40              ./main.o
servo_rcpulse       0x2               ./servo.o
rt_count1           0x2               ./realtime.o
minutes             0x1               ./realtime.o
TCP_timer           0x2               ./main.o
hours               0x1               ./realtime.o

Memory Configuration

Name             Origin             Length             Attributes
text             0x00000000         0x00020000         xr
data             0x00800060         0x0000ffa0         rw !x
eeprom           0x00810000         0x00010000         rw !x
fuse             0x00820000         0x00000400         rw !x
lock             0x00830000         0x00000400         rw !x
signature        0x00840000         0x00000400         rw !x
user_signatures  0x00850000         0x00000400         rw !x
*default*        0x00000000         0xffffffff

Linker script and memory map

Address of section .data set to 0x800100
LOAD /usr/local/CrossPack-AVR-20131216/lib/gcc/avr/4.8.1/../../../../avr/lib/avr5/crtm328p.o
LOAD ./MP3sound.o
LOAD ./fifo.o
LOAD ./i2c.o
LOAD ./main.o
LOAD ./realtime.o
LOAD ./sequencer.o
LOAD ./serial.o
LOAD ./servo.o
LOAD ./suart.o
LOAD ./wmath.o
START GROUP
LOAD /usr/local/CrossPack-AVR-20131216/lib/gcc/avr/4.8.1/avr5/libgcc.a
LOAD /usr/local/CrossPack-AVR-20131216/lib/gcc/avr/4.8.1/../../../../avr/lib/avr5/libm.a
LOAD /usr/local/CrossPack-AVR-20131216/lib/gcc/avr/4.8.1/../../../../avr/lib/avr5/libc.a
END GROUP

.hash
 *(.hash)

.dynsym
 *(.dynsym)

.dynstr
 *(.dynstr)

.gnu.version
 *(.gnu.version)

.gnu.version_d
 *(.gnu.version_d)

.gnu.version_r
 *(.gnu.version_r)

.rel.init
 *(.rel.init)

.rela.init
 *(.rela.init)

.rel.text
 *(.rel.text)
 *(.rel.text.*)
 *(.rel.gnu.linkonce.t*)

.rela.text
 *(.rela.text)
 *(.rela.text.*)
 *(.rela.gnu.linkonce.t*)

.rel.fini
 *(.rel.fini)

.rela.fini
 *(.rela.fini)

.rel.rodata
 *(.rel.rodata)
 *(.rel.rodata.*)
 *(.rel.gnu.linkonce.r*)

.rela.rodata
 *(.rela.rodata)
 *(.rela.rodata.*)
 *(.rela.gnu.linkonce.r*)

.rel.data
 *(.rel.data)
 *(.rel.data.*)
 *(.rel.gnu.linkonce.d*)

.rela.data
 *(.rela.data)
 *(.rela.data.*)
 *(.rela.gnu.linkonce.d*)

.rel.ctors
 *(.rel.ctors)

.rela.ctors
 *(.rela.ctors)

.rel.dtors
 *(.rel.dtors)

.rela.dtors
 *(.rela.dtors)

.rel.got
 *(.rel.got)

.rela.got
 *(.rela.got)

.rel.bss
 *(.rel.bss)

.rela.bss
 *(.rela.bss)

.rel.plt
 *(.rel.plt)

.rela.plt
 *(.rela.plt)

.text           0x00000000     0x57fe
 *(.vectors)
 .vectors       0x00000000       0x68 /usr/local/CrossPack-AVR-20131216/lib/gcc/avr/4.8.1/../../../../avr/lib/avr5/crtm328p.o
                0x00000000                __vectors
                0x00000000                __vector_default
 *(.vectors)
 *(.progmem.gcc*)
 .progmem.gcc_sw_table.sequence_command
                0x00000068       0x74 ./main.o
                0x000000dc                . = ALIGN (0x2)
                0x000000dc                __trampolines_start = .
 *(.trampolines)
 .trampolines   0x000000dc        0x0 linker stubs
 *(.trampolines*)
                0x000000dc                __trampolines_end = .
 *(.progmem*)
 .progmem.data.strSoundCmdError
                0x000000dc       0x21 ./MP3sound.o
                0x000000dc                strSoundCmdError
 .progmem.data.strSeqBodyPingPongBodyDoors
                0x000000fd       0x1e ./main.o
                0x000000fd                strSeqBodyPingPongBodyDoors
 .progmem.data.strSeqBodyUseInterfaceTool
                0x0000011b       0x1d ./main.o
                0x0000011b                strSeqBodyUseInterfaceTool
 .progmem.data.strSeqBodyUseGripper
                0x00000138       0x16 ./main.o
                0x00000138                strSeqBodyUseGripper
 .progmem.data.strSeqBodyDoorSpook
                0x0000014e       0x27 ./main.o
                0x0000014e                strSeqBodyDoorSpook
 .progmem.data.strSeqBodyPanelAlltest
                0x00000175       0x1a ./main.o
                0x00000175                strSeqBodyPanelAlltest
 .progmem.data.strSeqUtilityOpenClose
                0x0000018f       0x21 ./main.o
                0x0000018f                strSeqUtilityOpenClose
 .progmem.data.strSeqMarchingAnts
                0x000001b0       0x1a ./main.o
                0x000001b0                strSeqMarchingAnts
 .progmem.data.strSeqRythmicPanels
                0x000001ca       0x14 ./main.o
                0x000001ca                strSeqRythmicPanels
 .progmem.data.strSeqScreamNoPanels
                0x000001de       0x16 ./main.o
                0x000001de                strSeqScreamNoPanels
 .progmem.data.strSeqExcited
                0x000001f4       0x14 ./main.o
                0x000001f4                strSeqExcited
 .progmem.data.strSeqAwake
                0x00000208       0x12 ./main.o
                0x00000208                strSeqAwake
 .progmem.data.strSeqTopRC
                0x0000021a       0x1a ./main.o
                0x0000021a                strSeqTopRC
 .progmem.data.strSeqWideAwake
                0x00000234       0x17 ./main.o
                0x00000234                strSeqWideAwake
 .progmem.data.strSeqQuiet
                0x0000024b       0x12 ./main.o
                0x0000024b                strSeqQuiet
 .progmem.data.strSeqDisco
                0x0000025d       0x11 ./main.o
                0x0000025d                strSeqDisco
 .progmem.data.strSeqLeia
                0x0000026e       0x12 ./main.o
                0x0000026e                strSeqLeia
 .progmem.data.strSeqCantinaDance
                0x00000280       0x13 ./main.o
                0x00000280                strSeqCantinaDance
 .progmem.data.strSeqShortCircuit
                0x00000293       0x13 ./main.o
                0x00000293                strSeqShortCircuit
 .progmem.data.strSeqCantinaMarchingAnts
                0x000002a6       0x1b ./main.o
                0x000002a6                strSeqCantinaMarchingAnts
 .progmem.data.strSeqOpenCloseWave
                0x000002c1       0x15 ./main.o
                0x000002c1                strSeqOpenCloseWave
 .progmem.data.strSeqFastWave
                0x000002d6        0xf ./main.o
                0x000002d6                strSeqFastWave
 .progmem.data.strSeqWave
                0x000002e5        0xa ./main.o
                0x000002e5                strSeqWave
 .progmem.data.strSeqScream
                0x000002ef        0xc ./main.o
                0x000002ef                strSeqScream
 .progmem.data.strSeqCloseAll
                0x000002fb       0x16 ./main.o
                0x000002fb                strSeqCloseAll
 .progmem.data.strPanelCmdErr
                0x00000311       0x1a ./main.o
                0x00000311                strPanelCmdErr
 .progmem.data.strI2CCmdErr
                0x0000032b       0x18 ./main.o
                0x0000032b                strI2CCmdErr
 .progmem.data.strAlt2Command
                0x00000343       0x21 ./main.o
                0x00000343                strAlt2Command
 .progmem.data.strAlt1Command
                0x00000364       0x20 ./main.o
                0x00000364                strAlt1Command
 .progmem.data.strSoundCommand
                0x00000384       0x10 ./main.o
                0x00000384                strSoundCommand
 .progmem.data.strDisplayCommand
                0x00000394       0x12 ./main.o
                0x00000394                strDisplayCommand
 .progmem.data.strHPCommand
                0x000003a6        0xd ./main.o
                0x000003a6                strHPCommand
 .progmem.data.strInitializing
                0x000003b3       0x12 ./main.o
                0x000003b3                strInitializing
 .progmem.data.strStartCharErr
                0x000003c5       0x29 ./main.o
                0x000003c5                strStartCharErr
 .progmem.data.strSuart2OK
                0x000003ee       0x1d ./main.o
                0x000003ee                strSuart2OK
 .progmem.data.strSuart1OK
                0x0000040b       0x1d ./main.o
                0x0000040b                strSuart1OK
 .progmem.data.strEnterPrompt
                0x00000428       0x29 ./main.o
                0x00000428                strEnterPrompt
 .progmem.data.strWelcome
                0x00000451       0x1b ./main.o
                0x00000451                strWelcome
 .progmem.data.strOK
                0x0000046c        0x5 ./main.o
                0x0000046c                strOK
 .progmem.data.panel_long_disco
                0x00000471      0x23c ./main.o
                0x00000471                panel_long_disco
 .progmem.data.panel_init
                0x000006ad       0x2c ./main.o
                0x000006ad                panel_init
 .progmem.data.panel_dance
                0x000006d9      0x7bc ./main.o
                0x000006d9                panel_dance
 .progmem.data.panel_marching_ants
                0x00000e95      0x2d6 ./main.o
                0x00000e95                panel_marching_ants
 .progmem.data.panel_open_close_wave
                0x0000116b      0x1e4 ./main.o
                0x0000116b                panel_open_close_wave
 .progmem.data.panel_fast_wave
                0x0000134f      0x210 ./main.o
                0x0000134f                panel_fast_wave
 .progmem.data.panel_wave
                0x0000155f      0x11e ./main.o
                0x0000155f                panel_wave
 .progmem.data.panel_all_open_long
                0x0000167d       0x84 ./main.o
                0x0000167d                panel_all_open_long
 .progmem.data.panel_all_open
                0x00001701       0xc6 ./main.o
                0x00001701                panel_all_open
 .progmem.data.panel_pingpong_Body_Doors
                0x000017c7      0x11e ./main.o
                0x000017c7                panel_pingpong_Body_Doors
 .progmem.data.panel_use_interface_tool
                0x000018e5      0x11e ./main.o
                0x000018e5                panel_use_interface_tool
 .progmem.data.panel_use_gripper
                0x00001a03      0x108 ./main.o
                0x00001a03                panel_use_gripper
 .progmem.data.panel_spook
                0x00001b0b       0xdc ./main.o
                0x00001b0b                panel_spook
 .progmem.data.panel_all_test
                0x00001be7      0x108 ./main.o
                0x00001be7                panel_all_test
 .progmem.data.utility_arms_open
                0x00001cef       0xb0 ./main.o
                0x00001cef                utility_arms_open
 .progmem.data.suart_delay_table
                0x00001d9f       0x90 ./suart.o
 .progmem.data  0x00001e2f        0xc /usr/local/CrossPack-AVR-20131216/lib/gcc/avr/4.8.1/../../../../avr/lib/avr5/libc.a(vfscanf_std.o)
                0x00001e3c                . = ALIGN (0x2)
 *fill*         0x00001e3b        0x1 
 *(.jumptables)
 *(.jumptables*)
 *(.lowtext)
 *(.lowtext*)
                0x00001e3c                __ctors_start = .
 *(.ctors)
                0x00001e3c                __ctors_end = .
                0x00001e3c                __dtors_start = .
 *(.dtors)
                0x00001e3c                __dtors_end = .
 SORT(*)(.ctors)
 SORT(*)(.dtors)
 *(.init0)
 .init0         0x00001e3c        0x0 /usr/local/CrossPack-AVR-20131216/lib/gcc/avr/4.8.1/../../../../avr/lib/avr5/crtm328p.o
                0x00001e3c                __init
 *(.init0)
 *(.init1)
 *(.init1)
 *(.init2)
 .init2         0x00001e3c        0xc /usr/local/CrossPack-AVR-20131216/lib/gcc/avr/4.8.1/../../../../avr/lib/avr5/crtm328p.o
 *(.init2)
 *(.init3)
 *(.init3)
 *(.init4)
 .init4         0x00001e48       0x16 /usr/local/CrossPack-AVR-20131216/lib/gcc/avr/4.8.1/avr5/libgcc.a(_copy_data.o)
                0x00001e48                __do_copy_data
 .init4         0x00001e5e       0x10 /usr/local/CrossPack-AVR-20131216/lib/gcc/avr/4.8.1/avr5/libgcc.a(_clear_bss.o)
                0x00001e5e                __do_clear_bss
 *(.init4)
 *(.init5)
 *(.init5)
 *(.init6)
 *(.init6)
 *(.init7)
 *(.init7)
 *(.init8)
 *(.init8)
 *(.init9)
 .init9         0x00001e6e        0x8 /usr/local/CrossPack-AVR-20131216/lib/gcc/avr/4.8.1/../../../../avr/lib/avr5/crtm328p.o
 *(.init9)
 *(.text)
 .text          0x00001e76        0x4 /usr/local/CrossPack-AVR-20131216/lib/gcc/avr/4.8.1/../../../../avr/lib/avr5/crtm328p.o
                0x00001e76                __vector_20
                0x00001e76                __vector_1
                0x00001e76                __vector_24
                0x00001e76                __vector_12
                0x00001e76                __bad_interrupt
                0x00001e76                __vector_6
                0x00001e76                __vector_3
                0x00001e76                __vector_23
                0x00001e76                __vector_25
                0x00001e76                __vector_11
                0x00001e76                __vector_17
                0x00001e76                __vector_7
                0x00001e76                __vector_5
                0x00001e76                __vector_4
                0x00001e76                __vector_9
                0x00001e76                __vector_2
                0x00001e76                __vector_21
                0x00001e76                __vector_15
                0x00001e76                __vector_8
                0x00001e76                __vector_16
                0x00001e76                __vector_22
 .text          0x00001e7a        0x0 ./MP3sound.o
 .text          0x00001e7a        0x0 ./fifo.o
 .text          0x00001e7a        0x0 ./i2c.o
 .text          0x00001e7a        0x0 ./main.o
 .text          0x00001e7a        0x0 ./realtime.o
 .text          0x00001e7a        0x0 ./sequencer.o
 .text          0x00001e7a        0x0 ./serial.o
 .text          0x00001e7a        0x0 ./servo.o
 .text          0x00001e7a        0x0 ./suart.o
 .text          0x00001e7a        0x0 ./wmath.o
 .text          0x00001e7a        0x0 /usr/local/CrossPack-AVR-20131216/lib/gcc/avr/4.8.1/avr5/libgcc.a(_mulsi3.o)
 .text          0x00001e7a        0x0 /usr/local/CrossPack-AVR-20131216/lib/gcc/avr/4.8.1/avr5/libgcc.a(_divmodhi4.o)
 .text          0x00001e7a        0x0 /usr/local/CrossPack-AVR-20131216/lib/gcc/avr/4.8.1/avr5/libgcc.a(_udivmodsi4.o)
 .text          0x00001e7a        0x0 /usr/local/CrossPack-AVR-20131216/lib/gcc/avr/4.8.1/avr5/libgcc.a(_divmodsi4.o)
 .text          0x00001e7a        0x0 /usr/local/CrossPack-AVR-20131216/lib/gcc/avr/4.8.1/avr5/libgcc.a(_negsi2.o)
 .text          0x00001e7a        0x0 /usr/local/CrossPack-AVR-20131216/lib/gcc/avr/4.8.1/avr5/libgcc.a(_exit.o)
 .text          0x00001e7a        0x0 /usr/local/CrossPack-AVR-20131216/lib/gcc/avr/4.8.1/avr5/libgcc.a(_tablejump.o)
 .text          0x00001e7a        0x0 /usr/local/CrossPack-AVR-20131216/lib/gcc/avr/4.8.1/avr5/libgcc.a(_copy_data.o)
 .text          0x00001e7a        0x0 /usr/local/CrossPack-AVR-20131216/lib/gcc/avr/4.8.1/avr5/libgcc.a(_clear_bss.o)
 .text          0x00001e7a        0x0 /usr/local/CrossPack-AVR-20131216/lib/gcc/avr/4.8.1/avr5/libgcc.a(_muluhisi3.o)
 .text          0x00001e7a        0x0 /usr/local/CrossPack-AVR-20131216/lib/gcc/avr/4.8.1/avr5/libgcc.a(_udivmodhi4.o)
 .text          0x00001e7a        0x0 /usr/local/CrossPack-AVR-20131216/lib/gcc/avr/4.8.1/avr5/libgcc.a(_umulhisi3.o)
 .text          0x00001e7a        0x0 /usr/local/CrossPack-AVR-20131216/lib/gcc/avr/4.8.1/../../../../avr/lib/avr5/libc.a(rand.o)
 .text          0x00001e7a        0x0 /usr/local/CrossPack-AVR-20131216/lib/gcc/avr/4.8.1/../../../../avr/lib/avr5/libc.a(random.o)
 .text          0x00001e7a        0x0 /usr/local/CrossPack-AVR-20131216/lib/gcc/avr/4.8.1/../../../../avr/lib/avr5/libc.a(atoi.o)
 .text          0x00001e7a        0x0 /usr/local/CrossPack-AVR-20131216/lib/gcc/avr/4.8.1/../../../../avr/lib/avr5/libc.a(strtok.o)
 .text          0x00001e7a        0x0 /usr/local/CrossPack-AVR-20131216/lib/gcc/avr/4.8.1/../../../../avr/lib/avr5/libc.a(strcmp.o)
 .text          0x00001e7a        0x0 /usr/local/CrossPack-AVR-20131216/lib/gcc/avr/4.8.1/../../../../avr/lib/avr5/libc.a(strcpy.o)
 .text          0x00001e7a        0x0 /usr/local/CrossPack-AVR-20131216/lib/gcc/avr/4.8.1/../../../../avr/lib/avr5/libc.a(strtok_r.o)
 .text          0x00001e7a        0x0 /usr/local/CrossPack-AVR-20131216/lib/gcc/avr/4.8.1/../../../../avr/lib/avr5/libc.a(mul10.o)
 .text          0x00001e7a        0x0 /usr/local/CrossPack-AVR-20131216/lib/gcc/avr/4.8.1/../../../../avr/lib/avr5/libc.a(sprintf.o)
 .text          0x00001e7a        0x0 /usr/local/CrossPack-AVR-20131216/lib/gcc/avr/4.8.1/../../../../avr/lib/avr5/libc.a(sscanf.o)
 .text          0x00001e7a        0x0 /usr/local/CrossPack-AVR-20131216/lib/gcc/avr/4.8.1/../../../../avr/lib/avr5/libc.a(vfprintf_std.o)
 .text          0x00001e7a        0x0 /usr/local/CrossPack-AVR-20131216/lib/gcc/avr/4.8.1/../../../../avr/lib/avr5/libc.a(vfscanf_std.o)
 .text          0x00001e7a        0x0 /usr/local/CrossPack-AVR-20131216/lib/gcc/avr/4.8.1/../../../../avr/lib/avr5/libc.a(isspace.o)
 .text          0x00001e7a        0x0 /usr/local/CrossPack-AVR-20131216/lib/gcc/avr/4.8.1/../../../../avr/lib/avr5/libc.a(strchr_P.o)
 .text          0x00001e7a        0x0 /usr/local/CrossPack-AVR-20131216/lib/gcc/avr/4.8.1/../../../../avr/lib/avr5/libc.a(strnlen_P.o)
 .text          0x00001e7a        0x0 /usr/local/CrossPack-AVR-20131216/lib/gcc/avr/4.8.1/../../../../avr/lib/avr5/libc.a(strnlen.o)
 .text          0x00001e7a        0x0 /usr/local/CrossPack-AVR-20131216/lib/gcc/avr/4.8.1/../../../../avr/lib/avr5/libc.a(fgetc.o)
 .text          0x00001e7a        0x0 /usr/local/CrossPack-AVR-20131216/lib/gcc/avr/4.8.1/../../../../avr/lib/avr5/libc.a(fputc.o)
 .text          0x00001e7a        0x0 /usr/local/CrossPack-AVR-20131216/lib/gcc/avr/4.8.1/../../../../avr/lib/avr5/libc.a(ungetc.o)
 .text          0x00001e7a        0x0 /usr/local/CrossPack-AVR-20131216/lib/gcc/avr/4.8.1/../../../../avr/lib/avr5/libc.a(ultoa_invert.o)
 .text          0x00001e7a        0x0 /usr/local/CrossPack-AVR-20131216/lib/gcc/avr/4.8.1/../../../../avr/lib/avr5/libc.a(cty_isfalse.o)
 .text          0x00001e7a        0x0 /usr/local/CrossPack-AVR-20131216/lib/gcc/avr/4.8.1/avr5/libgcc.a(_mulshisi3.o)
 .text          0x00001e7a        0x0 /usr/local/CrossPack-AVR-20131216/lib/gcc/avr/4.8.1/avr5/libgcc.a(_prologue.o)
 .text          0x00001e7a        0x0 /usr/local/CrossPack-AVR-20131216/lib/gcc/avr/4.8.1/avr5/libgcc.a(_epilogue.o)
                0x00001e7a                . = ALIGN (0x2)
 *(.text.*)
 .text.mp3_sound.part.0
                0x00001e7a       0x7a ./MP3sound.o
 .text.mp3_start_random
                0x00001ef4       0x10 ./MP3sound.o
                0x00001ef4                mp3_start_random
 .text.mp3_stop_random
                0x00001f04        0xe ./MP3sound.o
                0x00001f04                mp3_stop_random
 .text.mp3_suspend_random
                0x00001f12       0x1a ./MP3sound.o
                0x00001f12                mp3_suspend_random
 .text.mp3_resume_random
                0x00001f2c        0xa ./MP3sound.o
                0x00001f2c                mp3_resume_random
 .text.mp3_send_command_byte
                0x00001f36        0x4 ./MP3sound.o
                0x00001f36                mp3_send_command_byte
 .text.mp3_sound
                0x00001f3a       0x12 ./MP3sound.o
                0x00001f3a                mp3_sound
 .text.mp3_random
                0x00001f4c       0x52 ./MP3sound.o
                0x00001f4c                mp3_random
 .text.mp3_do_random
                0x00001f9e       0x42 ./MP3sound.o
                0x00001f9e                mp3_do_random
 .text.mp3_playstartsound
                0x00001fe0        0x8 ./MP3sound.o
                0x00001fe0                mp3_playstartsound
 .text.mp3_stop
                0x00001fe8        0x8 ./MP3sound.o
                0x00001fe8                mp3_stop
 .text.mp3_setvolume
                0x00001ff0       0x12 ./MP3sound.o
                0x00001ff0                mp3_setvolume
 .text.mp3_volumeup
                0x00002002       0x1c ./MP3sound.o
                0x00002002                mp3_volumeup
 .text.mp3_volumedown
                0x0000201e       0x2a ./MP3sound.o
                0x0000201e                mp3_volumedown
 .text.mp3_volumemid
                0x00002048        0xa ./MP3sound.o
                0x00002048                mp3_volumemid
 .text.mp3_init
                0x00002052       0x1e ./MP3sound.o
                0x00002052                mp3_init
 .text.mp3_volumeoff
                0x00002070        0xa ./MP3sound.o
                0x00002070                mp3_volumeoff
 .text.mp3_volumemax
                0x0000207a        0xa ./MP3sound.o
                0x0000207a                mp3_volumemax
 .text.mp3_volumemin
                0x00002084        0xa ./MP3sound.o
                0x00002084                mp3_volumemin
 .text.mp3_parse_command
                0x0000208e      0x1cc ./MP3sound.o
                0x0000208e                mp3_parse_command
 .text._inline_fifo_get
                0x0000225a       0x2e ./fifo.o
 .text.fifo_init
                0x00002288       0x14 ./fifo.o
                0x00002288                fifo_init
 .text.fifo_put
                0x0000229c       0x3a ./fifo.o
                0x0000229c                fifo_put
 .text.fifo_get_wait
                0x000022d6        0xc ./fifo.o
                0x000022d6                fifo_get_wait
 .text.fifo_get_nowait
                0x000022e2       0x16 ./fifo.o
                0x000022e2                fifo_get_nowait
 .text.fifo_available
                0x000022f8       0x12 ./fifo.o
                0x000022f8                fifo_available
 .text.i2c_execCmd
                0x0000230a       0x40 ./i2c.o
 .text.i2c_status
                0x0000234a        0x6 ./i2c.o
                0x0000234a                i2c_status
 .text.i2c_init
                0x00002350       0x26 ./i2c.o
                0x00002350                i2c_init
 .text.i2c_close
                0x00002376        0x6 ./i2c.o
                0x00002376                i2c_close
 .text.i2c_stop
                0x0000237c       0x42 ./i2c.o
                0x0000237c                i2c_stop
 .text.i2c_start
                0x000023be       0x52 ./i2c.o
                0x000023be                i2c_start
 .text.i2c_write
                0x00002410       0x22 ./i2c.o
                0x00002410                i2c_write
 .text.i2c_read
                0x00002432       0x2e ./i2c.o
                0x00002432                i2c_read
 .text.i2c_send_data
                0x00002460       0x62 ./i2c.o
                0x00002460                i2c_send_data
 .text.i2c_receive_data
                0x000024c2       0x9c ./i2c.o
                0x000024c2                i2c_receive_data
 .text.resetJEDIcallback
                0x0000255e       0x38 ./main.o
                0x0000255e                resetJEDIcallback
 .text.rc_command.part.0
                0x00002596       0x12 ./main.o
 .text.echo     0x000025a8       0x14 ./main.o
                0x000025a8                echo
 .text.build_command
                0x000025bc       0x36 ./main.o
                0x000025bc                build_command
 .text.parse_hp_command
                0x000025f2       0x26 ./main.o
                0x000025f2                parse_hp_command
 .text.parse_display_command
                0x00002618       0x26 ./main.o
                0x00002618                parse_display_command
 .text.parse_sound_command
                0x0000263e       0x20 ./main.o
                0x0000263e                parse_sound_command
 .text.parse_alt1_command
                0x0000265e       0x28 ./main.o
                0x0000265e                parse_alt1_command
 .text.parse_alt2_command
                0x00002686       0x26 ./main.o
                0x00002686                parse_alt2_command
 .text.append_token
                0x000026ac      0x13a ./main.o
                0x000026ac                append_token
 .text.sendI2C  0x000027e6        0x6 ./main.o
                0x000027e6                sendI2C
 .text.parse_i2c_command
                0x000027ec      0x112 ./main.o
                0x000027ec                parse_i2c_command
 .text.open_command
                0x000028fe       0x7e ./main.o
                0x000028fe                open_command
 .text.close_command
                0x0000297c       0x72 ./main.o
                0x0000297c                close_command
 .text.rc_command
                0x000029ee       0x1a ./main.o
                0x000029ee                rc_command
 .text.stop_command
                0x00002a08       0x48 ./main.o
                0x00002a08                stop_command
 .text.hold_command
                0x00002a50       0x24 ./main.o
                0x00002a50                hold_command
 .text.init_jedi
                0x00002a74       0x3a ./main.o
                0x00002a74                init_jedi
 .text.HPOff    0x00002aae        0x8 ./main.o
                0x00002aae                HPOff
 .text.HPOn     0x00002ab6        0x8 ./main.o
                0x00002ab6                HPOn
 .text.HPStop   0x00002abe        0x8 ./main.o
                0x00002abe                HPStop
 .text.HPRandom
                0x00002ac6        0x8 ./main.o
                0x00002ac6                HPRandom
 .text.HPFlicker
                0x00002ace       0x5a ./main.o
                0x00002ace                HPFlicker
 .text.HP1Flicker
                0x00002b28       0x5a ./main.o
                0x00002b28                HP1Flicker
 .text.HPFlash  0x00002b82       0x5a ./main.o
                0x00002b82                HPFlash
 .text.HP1RC    0x00002bdc        0x8 ./main.o
                0x00002bdc                HP1RC
 .text.MagicFlash
                0x00002be4       0x5a ./main.o
                0x00002be4                MagicFlash
 .text.MagicFlicker
                0x00002c3e       0x6c ./main.o
                0x00002c3e                MagicFlicker
 .text.DisplayScream
                0x00002caa       0x1c ./main.o
                0x00002caa                DisplayScream
 .text.DisplayNormal
                0x00002cc6        0x8 ./main.o
                0x00002cc6                DisplayNormal
 .text.DisplayFlash4
                0x00002cce       0x36 ./main.o
                0x00002cce                DisplayFlash4
 .text.DisplaySpectrum
                0x00002d04       0x1c ./main.o
                0x00002d04                DisplaySpectrum
 .text.DisplayShortCircuit
                0x00002d20       0x36 ./main.o
                0x00002d20                DisplayShortCircuit
 .text.DisplayLeia
                0x00002d56       0x1c ./main.o
                0x00002d56                DisplayLeia
 .text.RLDSetMessage
                0x00002d72       0x32 ./main.o
                0x00002d72                RLDSetMessage
 .text.RLDDisplayMessage
                0x00002da4       0x1c ./main.o
                0x00002da4                RLDDisplayMessage
 .text.SoundScream
                0x00002dc0        0xa ./main.o
                0x00002dc0                SoundScream
 .text.SoundWave
                0x00002dca        0xa ./main.o
                0x00002dca                SoundWave
 .text.SoundDisco
                0x00002dd4        0xa ./main.o
                0x00002dd4                SoundDisco
 .text.SoundFastWave
                0x00002dde        0xa ./main.o
                0x00002dde                SoundFastWave
 .text.SoundOpenWave
                0x00002de8        0xa ./main.o
                0x00002de8                SoundOpenWave
 .text.SoundBeepCantina
                0x00002df2        0xa ./main.o
                0x00002df2                SoundBeepCantina
 .text.SoundFaint
                0x00002dfc        0xa ./main.o
                0x00002dfc                SoundFaint
 .text.SoundCantina
                0x00002e06        0xa ./main.o
                0x00002e06                SoundCantina
 .text.SoundLeia
                0x00002e10        0xa ./main.o
                0x00002e10                SoundLeia
 .text.Sound    0x00002e1a       0x6e ./main.o
                0x00002e1a                Sound
 .text.SoundRandom
                0x00002e88        0xa ./main.o
                0x00002e88                SoundRandom
 .text.SoundStop
                0x00002e92        0xa ./main.o
                0x00002e92                SoundStop
 .text.sequence_command
                0x00002e9c      0x51a ./main.o
                0x00002e9c                sequence_command
 .text.process_command
                0x000033b6       0xfa ./main.o
                0x000033b6                process_command
 .text.parse_panel_command
                0x000034b0       0x60 ./main.o
                0x000034b0                parse_panel_command
 .text.dispatch_command
                0x00003510       0x68 ./main.o
                0x00003510                dispatch_command
 .text.startup.main
                0x00003578      0x1b0 ./main.o
                0x00003578                main
 .text.rt_add_timer
                0x00003728       0x30 ./realtime.o
                0x00003728                rt_add_timer
 .text.rt_remove_timer
                0x00003758       0x32 ./realtime.o
                0x00003758                rt_remove_timer
 .text.rt_add_function
                0x0000378a       0x48 ./realtime.o
                0x0000378a                rt_add_function
 .text.rt_remove_function
                0x000037d2       0x4e ./realtime.o
                0x000037d2                rt_remove_function
 .text.realtime_init
                0x00003820       0x22 ./realtime.o
                0x00003820                realtime_init
 .text.__vector_14
                0x00003842      0x15a ./realtime.o
                0x00003842                __vector_14
 .text.seq_init
                0x0000399c       0x10 ./sequencer.o
                0x0000399c                seq_init
 .text.seq_add_completion_callback
                0x000039ac        0xa ./sequencer.o
                0x000039ac                seq_add_completion_callback
 .text.seq_remove_completion_callback
                0x000039b6        0xa ./sequencer.o
                0x000039b6                seq_remove_completion_callback
 .text.seq_loadspeed
                0x000039c0       0x1a ./sequencer.o
                0x000039c0                seq_loadspeed
 .text.seq_resetspeed
                0x000039da       0x12 ./sequencer.o
                0x000039da                seq_resetspeed
 .text.seq_loadsequence
                0x000039ec       0x50 ./sequencer.o
                0x000039ec                seq_loadsequence
 .text.seq_startsequence
                0x00003a3c        0xc ./sequencer.o
                0x00003a3c                seq_startsequence
 .text.seq_restartsequence
                0x00003a48        0x8 ./sequencer.o
                0x00003a48                seq_restartsequence
 .text.seq_stopsequence
                0x00003a50       0x1c ./sequencer.o
                0x00003a50                seq_stopsequence
 .text.seq_jumptostep
                0x00003a6c        0xe ./sequencer.o
                0x00003a6c                seq_jumptostep
 .text.seq_setservopos
                0x00003a7a       0x5c ./sequencer.o
                0x00003a7a                seq_setservopos
 .text.seq_dosequence
                0x00003ad6      0x1a0 ./sequencer.o
                0x00003ad6                seq_dosequence
 .text.serial_init
                0x00003c76       0x76 ./serial.o
                0x00003c76                serial_init
 .text.serial_init_9600b8N1
                0x00003cec        0x8 ./serial.o
                0x00003cec                serial_init_9600b8N1
 .text.serial_init_9600b7E1
                0x00003cf4       0x10 ./serial.o
                0x00003cf4                serial_init_9600b7E1
 .text.serial_enable_rx_interrupt
                0x00003d04        0xc ./serial.o
                0x00003d04                serial_enable_rx_interrupt
 .text.serial_disable_rx_interrupt
                0x00003d10        0xc ./serial.o
                0x00003d10                serial_disable_rx_interrupt
 .text.__vector_18
                0x00003d1c       0x72 ./serial.o
                0x00003d1c                __vector_18
 .text.__vector_19
                0x00003d8e       0x7e ./serial.o
                0x00003d8e                __vector_19
 .text.serial_putc
                0x00003e0c       0x16 ./serial.o
                0x00003e0c                serial_putc
 .text.serial_available
                0x00003e22        0xa ./serial.o
                0x00003e22                serial_available
 .text.serial_tx_complete
                0x00003e2c       0x14 ./serial.o
                0x00003e2c                serial_tx_complete
 .text.serial_getc
                0x00003e40        0xa ./serial.o
                0x00003e40                serial_getc
 .text.serial_getc_nowait
                0x00003e4a        0xa ./serial.o
                0x00003e4a                serial_getc_nowait
 .text.serial_getc_wait
                0x00003e54        0x8 ./serial.o
                0x00003e54                serial_getc_wait
 .text.serial_puts
                0x00003e5c       0x3e ./serial.o
                0x00003e5c                serial_puts
 .text.serial_puts_nowait
                0x00003e9a       0x34 ./serial.o
                0x00003e9a                serial_puts_nowait
 .text.serial_puts_p
                0x00003ece       0x2a ./serial.o
                0x00003ece                serial_puts_p
 .text.servo_start
                0x00003ef8       0x2a ./servo.o
                0x00003ef8                servo_start
 .text.servo_stop
                0x00003f22       0x46 ./servo.o
                0x00003f22                servo_stop
 .text.servo_set
                0x00003f68       0x4e ./servo.o
                0x00003f68                servo_set
 .text.servo_read
                0x00003fb6       0x32 ./servo.o
                0x00003fb6                servo_read
 .text.servo_RCread
                0x00003fe8       0x54 ./servo.o
                0x00003fe8                servo_RCread
 .text.servo_doRCread_init
                0x0000403c       0x42 ./servo.o
                0x0000403c                servo_doRCread_init
 .text.servo_init
                0x0000407e      0x146 ./servo.o
                0x0000407e                servo_init
 .text.servo_doRCread_start
                0x000041c4       0x1c ./servo.o
                0x000041c4                servo_doRCread_start
 .text.servo_doRCread_end
                0x000041e0       0x4e ./servo.o
                0x000041e0                servo_doRCread_end
 .text.__vector_13
                0x0000422e      0x11c ./servo.o
                0x0000422e                __vector_13
 .text.__vector_10
                0x0000434a       0x66 ./servo.o
                0x0000434a                __vector_10
 .text.suart_init
                0x000043b0       0xcc ./suart.o
                0x000043b0                suart_init
 .text.suart_putc
                0x0000447c       0x7a ./suart.o
                0x0000447c                suart_putc
 .text.suart_puts
                0x000044f6       0x2a ./suart.o
                0x000044f6                suart_puts
 .text.suart_puts_p
                0x00004520       0x1e ./suart.o
                0x00004520                suart_puts_p
 .text.suart2_init
                0x0000453e       0xcc ./suart.o
                0x0000453e                suart2_init
 .text.suart2_putc
                0x0000460a       0x7a ./suart.o
                0x0000460a                suart2_putc
 .text.suart2_puts
                0x00004684       0x2a ./suart.o
                0x00004684                suart2_puts
 .text.suart2_puts_p
                0x000046ae       0x1e ./suart.o
                0x000046ae                suart2_puts_p
 .text.randomSeed
                0x000046cc       0x10 ./wmath.o
                0x000046cc                randomSeed
 .text.random_howbig
                0x000046dc       0x48 ./wmath.o
                0x000046dc                random_howbig
 .text.random_howsmall_howbig
                0x00004724       0x38 ./wmath.o
                0x00004724                random_howsmall_howbig
 .text.map32    0x0000475c       0x8e ./wmath.o
                0x0000475c                map32
 .text.randSeed
                0x000047ea        0xa ./wmath.o
                0x000047ea                randSeed
 .text.rand_howbig
                0x000047f4       0x20 ./wmath.o
                0x000047f4                rand_howbig
 .text.rand_howsmall_howbig
                0x00004814       0x20 ./wmath.o
                0x00004814                rand_howsmall_howbig
 .text.map      0x00004834       0x32 ./wmath.o
                0x00004834                map
 .text.libgcc.mul
                0x00004866       0x20 /usr/local/CrossPack-AVR-20131216/lib/gcc/avr/4.8.1/avr5/libgcc.a(_mulsi3.o)
                0x00004866                __mulsi3
 .text.libgcc.div
                0x00004886        0x0 /usr/local/CrossPack-AVR-20131216/lib/gcc/avr/4.8.1/avr5/libgcc.a(_mulsi3.o)
 .text.libgcc   0x00004886        0x0 /usr/local/CrossPack-AVR-20131216/lib/gcc/avr/4.8.1/avr5/libgcc.a(_mulsi3.o)
 .text.libgcc.prologue
                0x00004886        0x0 /usr/local/CrossPack-AVR-20131216/lib/gcc/avr/4.8.1/avr5/libgcc.a(_mulsi3.o)
 .text.libgcc.builtins
                0x00004886        0x0 /usr/local/CrossPack-AVR-20131216/lib/gcc/avr/4.8.1/avr5/libgcc.a(_mulsi3.o)
 .text.libgcc.fmul
                0x00004886        0x0 /usr/local/CrossPack-AVR-20131216/lib/gcc/avr/4.8.1/avr5/libgcc.a(_mulsi3.o)
 .text.libgcc.fixed
                0x00004886        0x0 /usr/local/CrossPack-AVR-20131216/lib/gcc/avr/4.8.1/avr5/libgcc.a(_mulsi3.o)
 .text.libgcc.mul
                0x00004886        0x0 /usr/local/CrossPack-AVR-20131216/lib/gcc/avr/4.8.1/avr5/libgcc.a(_divmodhi4.o)
 .text.libgcc.div
                0x00004886       0x28 /usr/local/CrossPack-AVR-20131216/lib/gcc/avr/4.8.1/avr5/libgcc.a(_divmodhi4.o)
                0x00004886                __divmodhi4
                0x00004886                _div
 .text.libgcc   0x000048ae        0x0 /usr/local/CrossPack-AVR-20131216/lib/gcc/avr/4.8.1/avr5/libgcc.a(_divmodhi4.o)
 .text.libgcc.prologue
                0x000048ae        0x0 /usr/local/CrossPack-AVR-20131216/lib/gcc/avr/4.8.1/avr5/libgcc.a(_divmodhi4.o)
 .text.libgcc.builtins
                0x000048ae        0x0 /usr/local/CrossPack-AVR-20131216/lib/gcc/avr/4.8.1/avr5/libgcc.a(_divmodhi4.o)
 .text.libgcc.fmul
                0x000048ae        0x0 /usr/local/CrossPack-AVR-20131216/lib/gcc/avr/4.8.1/avr5/libgcc.a(_divmodhi4.o)
 .text.libgcc.fixed
                0x000048ae        0x0 /usr/local/CrossPack-AVR-20131216/lib/gcc/avr/4.8.1/avr5/libgcc.a(_divmodhi4.o)
 .text.libgcc.mul
                0x000048ae        0x0 /usr/local/CrossPack-AVR-20131216/lib/gcc/avr/4.8.1/avr5/libgcc.a(_udivmodsi4.o)
 .text.libgcc.div
                0x000048ae       0x44 /usr/local/CrossPack-AVR-20131216/lib/gcc/avr/4.8.1/avr5/libgcc.a(_udivmodsi4.o)
                0x000048ae                __udivmodsi4
 .text.libgcc   0x000048f2        0x0 /usr/local/CrossPack-AVR-20131216/lib/gcc/avr/4.8.1/avr5/libgcc.a(_udivmodsi4.o)
 .text.libgcc.prologue
                0x000048f2        0x0 /usr/local/CrossPack-AVR-20131216/lib/gcc/avr/4.8.1/avr5/libgcc.a(_udivmodsi4.o)
 .text.libgcc.builtins
                0x000048f2        0x0 /usr/local/CrossPack-AVR-20131216/lib/gcc/avr/4.8.1/avr5/libgcc.a(_udivmodsi4.o)
 .text.libgcc.fmul
                0x000048f2        0x0 /usr/local/CrossPack-AVR-20131216/lib/gcc/avr/4.8.1/avr5/libgcc.a(_udivmodsi4.o)
 .text.libgcc.fixed
                0x000048f2        0x0 /usr/local/CrossPack-AVR-20131216/lib/gcc/avr/4.8.1/avr5/libgcc.a(_udivmodsi4.o)
 .text.libgcc.mul
                0x000048f2        0x0 /usr/local/CrossPack-AVR-20131216/lib/gcc/avr/4.8.1/avr5/libgcc.a(_divmodsi4.o)
 .text.libgcc.div
                0x000048f2       0x2e /usr/local/CrossPack-AVR-20131216/lib/gcc/avr/4.8.1/avr5/libgcc.a(_divmodsi4.o)
                0x000048f2                __divmodsi4
 .text.libgcc   0x00004920        0x0 /usr/local/CrossPack-AVR-20131216/lib/gcc/avr/4.8.1/avr5/libgcc.a(_divmodsi4.o)
 .text.libgcc.prologue
                0x00004920        0x0 /usr/local/CrossPack-AVR-20131216/lib/gcc/avr/4.8.1/avr5/libgcc.a(_divmodsi4.o)
 .text.libgcc.builtins
                0x00004920        0x0 /usr/local/CrossPack-AVR-20131216/lib/gcc/avr/4.8.1/avr5/libgcc.a(_divmodsi4.o)
 .text.libgcc.fmul
                0x00004920        0x0 /usr/local/CrossPack-AVR-20131216/lib/gcc/avr/4.8.1/avr5/libgcc.a(_divmodsi4.o)
 .text.libgcc.fixed
                0x00004920        0x0 /usr/local/CrossPack-AVR-20131216/lib/gcc/avr/4.8.1/avr5/libgcc.a(_divmodsi4.o)
 .text.libgcc.mul
                0x00004920        0x0 /usr/local/CrossPack-AVR-20131216/lib/gcc/avr/4.8.1/avr5/libgcc.a(_negsi2.o)
 .text.libgcc.div
                0x00004920       0x10 /usr/local/CrossPack-AVR-20131216/lib/gcc/avr/4.8.1/avr5/libgcc.a(_negsi2.o)
                0x00004920                __negsi2
 .text.libgcc   0x00004930        0x0 /usr/local/CrossPack-AVR-20131216/lib/gcc/avr/4.8.1/avr5/libgcc.a(_negsi2.o)
 .text.libgcc.prologue
                0x00004930        0x0 /usr/local/CrossPack-AVR-20131216/lib/gcc/avr/4.8.1/avr5/libgcc.a(_negsi2.o)
 .text.libgcc.builtins
                0x00004930        0x0 /usr/local/CrossPack-AVR-20131216/lib/gcc/avr/4.8.1/avr5/libgcc.a(_negsi2.o)
 .text.libgcc.fmul
                0x00004930        0x0 /usr/local/CrossPack-AVR-20131216/lib/gcc/avr/4.8.1/avr5/libgcc.a(_negsi2.o)
 .text.libgcc.fixed
                0x00004930        0x0 /usr/local/CrossPack-AVR-20131216/lib/gcc/avr/4.8.1/avr5/libgcc.a(_negsi2.o)
 .text.libgcc.mul
                0x00004930        0x0 /usr/local/CrossPack-AVR-20131216/lib/gcc/avr/4.8.1/avr5/libgcc.a(_exit.o)
 .text.libgcc.div
                0x00004930        0x0 /usr/local/CrossPack-AVR-20131216/lib/gcc/avr/4.8.1/avr5/libgcc.a(_exit.o)
 .text.libgcc   0x00004930        0x0 /usr/local/CrossPack-AVR-20131216/lib/gcc/avr/4.8.1/avr5/libgcc.a(_exit.o)
 .text.libgcc.prologue
                0x00004930        0x0 /usr/local/CrossPack-AVR-20131216/lib/gcc/avr/4.8.1/avr5/libgcc.a(_exit.o)
 .text.libgcc.builtins
                0x00004930        0x0 /usr/local/CrossPack-AVR-20131216/lib/gcc/avr/4.8.1/avr5/libgcc.a(_exit.o)
 .text.libgcc.fmul
                0x00004930        0x0 /usr/local/CrossPack-AVR-20131216/lib/gcc/avr/4.8.1/avr5/libgcc.a(_exit.o)
 .text.libgcc.fixed
                0x00004930        0x0 /usr/local/CrossPack-AVR-20131216/lib/gcc/avr/4.8.1/avr5/libgcc.a(_exit.o)
 .text.libgcc.mul
                0x00004930        0x0 /usr/local/CrossPack-AVR-20131216/lib/gcc/avr/4.8.1/avr5/libgcc.a(_tablejump.o)
 .text.libgcc.div
                0x00004930        0x0 /usr/local/CrossPack-AVR-20131216/lib/gcc/avr/4.8.1/avr5/libgcc.a(_tablejump.o)
 .text.libgcc   0x00004930        0xc /usr/local/CrossPack-AVR-20131216/lib/gcc/avr/4.8.1/avr5/libgcc.a(_tablejump.o)
                0x00004930                __tablejump2__
                0x00004934                __tablejump__
 .text.libgcc.prologue
                0x0000493c        0x0 /usr/local/CrossPack-AVR-20131216/lib/gcc/avr/4.8.1/avr5/libgcc.a(_tablejump.o)
 .text.libgcc.builtins
                0x0000493c        0x0 /usr/local/CrossPack-AVR-20131216/lib/gcc/avr/4.8.1/avr5/libgcc.a(_tablejump.o)
 .text.libgcc.fmul
                0x0000493c        0x0 /usr/local/CrossPack-AVR-20131216/lib/gcc/avr/4.8.1/avr5/libgcc.a(_tablejump.o)
 .text.libgcc.fixed
                0x0000493c        0x0 /usr/local/CrossPack-AVR-20131216/lib/gcc/avr/4.8.1/avr5/libgcc.a(_tablejump.o)
 .text.libgcc.mul
                0x0000493c        0x0 /usr/local/CrossPack-AVR-20131216/lib/gcc/avr/4.8.1/avr5/libgcc.a(_copy_data.o)
 .text.libgcc.div
                0x0000493c        0x0 /usr/local/CrossPack-AVR-20131216/lib/gcc/avr/4.8.1/avr5/libgcc.a(_copy_data.o)
 .text.libgcc   0x0000493c        0x0 /usr/local/CrossPack-AVR-20131216/lib/gcc/avr/4.8.1/avr5/libgcc.a(_copy_data.o)
 .text.libgcc.prologue
                0x0000493c        0x0 /usr/local/CrossPack-AVR-20131216/lib/gcc/avr/4.8.1/avr5/libgcc.a(_copy_data.o)
 .text.libgcc.builtins
                0x0000493c        0x0 /usr/local/CrossPack-AVR-20131216/lib/gcc/avr/4.8.1/avr5/libgcc.a(_copy_data.o)
 .text.libgcc.fmul
                0x0000493c        0x0 /usr/local/CrossPack-AVR-20131216/lib/gcc/avr/4.8.1/avr5/libgcc.a(_copy_data.o)
 .text.libgcc.fixed
                0x0000493c        0x0 /usr/local/CrossPack-AVR-20131216/lib/gcc/avr/4.8.1/avr5/libgcc.a(_copy_data.o)
 .text.libgcc.mul
                0x0000493c        0x0 /usr/local/CrossPack-AVR-20131216/lib/gcc/avr/4.8.1/avr5/libgcc.a(_clear_bss.o)
 .text.libgcc.div
                0x0000493c        0x0 /usr/local/CrossPack-AVR-20131216/lib/gcc/avr/4.8.1/avr5/libgcc.a(_clear_bss.o)
 .text.libgcc   0x0000493c        0x0 /usr/local/CrossPack-AVR-20131216/lib/gcc/avr/4.8.1/avr5/libgcc.a(_clear_bss.o)
 .text.libgcc.prologue
                0x0000493c        0x0 /usr/local/CrossPack-AVR-20131216/lib/gcc/avr/4.8.1/avr5/libgcc.a(_clear_bss.o)
 .text.libgcc.builtins
                0x0000493c        0x0 /usr/local/CrossPack-AVR-20131216/lib/gcc/avr/4.8.1/avr5/libgcc.a(_clear_bss.o)
 .text.libgcc.fmul
                0x0000493c        0x0 /usr/local/CrossPack-AVR-20131216/lib/gcc/avr/4.8.1/avr5/libgcc.a(_clear_bss.o)
 .text.libgcc.fixed
                0x0000493c        0x0 /usr/local/CrossPack-AVR-20131216/lib/gcc/avr/4.8.1/avr5/libgcc.a(_clear_bss.o)
 .text.libgcc.mul
                0x0000493c       0x16 /usr/local/CrossPack-AVR-20131216/lib/gcc/avr/4.8.1/avr5/libgcc.a(_muluhisi3.o)
                0x0000493c                __muluhisi3
 .text.libgcc.div
                0x00004952        0x0 /usr/local/CrossPack-AVR-20131216/lib/gcc/avr/4.8.1/avr5/libgcc.a(_muluhisi3.o)
 .text.libgcc   0x00004952        0x0 /usr/local/CrossPack-AVR-20131216/lib/gcc/avr/4.8.1/avr5/libgcc.a(_muluhisi3.o)
 .text.libgcc.prologue
                0x00004952        0x0 /usr/local/CrossPack-AVR-20131216/lib/gcc/avr/4.8.1/avr5/libgcc.a(_muluhisi3.o)
 .text.libgcc.builtins
                0x00004952        0x0 /usr/local/CrossPack-AVR-20131216/lib/gcc/avr/4.8.1/avr5/libgcc.a(_muluhisi3.o)
 .text.libgcc.fmul
                0x00004952        0x0 /usr/local/CrossPack-AVR-20131216/lib/gcc/avr/4.8.1/avr5/libgcc.a(_muluhisi3.o)
 .text.libgcc.fixed
                0x00004952        0x0 /usr/local/CrossPack-AVR-20131216/lib/gcc/avr/4.8.1/avr5/libgcc.a(_muluhisi3.o)
 .text.libgcc.mul
                0x00004952        0x0 /usr/local/CrossPack-AVR-20131216/lib/gcc/avr/4.8.1/avr5/libgcc.a(_udivmodhi4.o)
 .text.libgcc.div
                0x00004952       0x28 /usr/local/CrossPack-AVR-20131216/lib/gcc/avr/4.8.1/avr5/libgcc.a(_udivmodhi4.o)
                0x00004952                __udivmodhi4
 .text.libgcc   0x0000497a        0x0 /usr/local/CrossPack-AVR-20131216/lib/gcc/avr/4.8.1/avr5/libgcc.a(_udivmodhi4.o)
 .text.libgcc.prologue
                0x0000497a        0x0 /usr/local/CrossPack-AVR-20131216/lib/gcc/avr/4.8.1/avr5/libgcc.a(_udivmodhi4.o)
 .text.libgcc.builtins
                0x0000497a        0x0 /usr/local/CrossPack-AVR-20131216/lib/gcc/avr/4.8.1/avr5/libgcc.a(_udivmodhi4.o)
 .text.libgcc.fmul
                0x0000497a        0x0 /usr/local/CrossPack-AVR-20131216/lib/gcc/avr/4.8.1/avr5/libgcc.a(_udivmodhi4.o)
 .text.libgcc.fixed
                0x0000497a        0x0 /usr/local/CrossPack-AVR-20131216/lib/gcc/avr/4.8.1/avr5/libgcc.a(_udivmodhi4.o)
 .text.libgcc.mul
                0x0000497a       0x1e /usr/local/CrossPack-AVR-20131216/lib/gcc/avr/4.8.1/avr5/libgcc.a(_umulhisi3.o)
                0x0000497a                __umulhisi3
 .text.libgcc.div
                0x00004998        0x0 /usr/local/CrossPack-AVR-20131216/lib/gcc/avr/4.8.1/avr5/libgcc.a(_umulhisi3.o)
 .text.libgcc   0x00004998        0x0 /usr/local/CrossPack-AVR-20131216/lib/gcc/avr/4.8.1/avr5/libgcc.a(_umulhisi3.o)
 .text.libgcc.prologue
                0x00004998        0x0 /usr/local/CrossPack-AVR-20131216/lib/gcc/avr/4.8.1/avr5/libgcc.a(_umulhisi3.o)
 .text.libgcc.builtins
                0x00004998        0x0 /usr/local/CrossPack-AVR-20131216/lib/gcc/avr/4.8.1/avr5/libgcc.a(_umulhisi3.o)
 .text.libgcc.fmul
                0x00004998        0x0 /usr/local/CrossPack-AVR-20131216/lib/gcc/avr/4.8.1/avr5/libgcc.a(_umulhisi3.o)
 .text.libgcc.fixed
                0x00004998        0x0 /usr/local/CrossPack-AVR-20131216/lib/gcc/avr/4.8.1/avr5/libgcc.a(_umulhisi3.o)
 .text.avr-libc
                0x00004998       0xbc /usr/local/CrossPack-AVR-20131216/lib/gcc/avr/4.8.1/../../../../avr/lib/avr5/libc.a(rand.o)
                0x00004a2e                rand_r
                0x00004a34                rand
                0x00004a3e                srand
 .text.avr-libc
                0x00004a54       0xba /usr/local/CrossPack-AVR-20131216/lib/gcc/avr/4.8.1/../../../../avr/lib/avr5/libc.a(random.o)
                0x00004aec                random_r
                0x00004af2                random
                0x00004afc                srandom
 .text.avr-libc
                0x00004b0e       0x3c /usr/local/CrossPack-AVR-20131216/lib/gcc/avr/4.8.1/../../../../avr/lib/avr5/libc.a(atoi.o)
                0x00004b0e                atoi
 .text.avr-libc
                0x00004b4a        0xa /usr/local/CrossPack-AVR-20131216/lib/gcc/avr/4.8.1/../../../../avr/lib/avr5/libc.a(strtok.o)
                0x00004b4a                strtok
 .text.avr-libc
                0x00004b54       0x12 /usr/local/CrossPack-AVR-20131216/lib/gcc/avr/4.8.1/../../../../avr/lib/avr5/libc.a(strcmp.o)
                0x00004b54                strcmp
 .text.avr-libc
                0x00004b66        0xe /usr/local/CrossPack-AVR-20131216/lib/gcc/avr/4.8.1/../../../../avr/lib/avr5/libc.a(strcpy.o)
                0x00004b66                strcpy
 .text.avr-libc
                0x00004b74       0x4e /usr/local/CrossPack-AVR-20131216/lib/gcc/avr/4.8.1/../../../../avr/lib/avr5/libc.a(strtok_r.o)
                0x00004b74                strtok_r
 .text.avr-libc
                0x00004bc2       0x10 /usr/local/CrossPack-AVR-20131216/lib/gcc/avr/4.8.1/../../../../avr/lib/avr5/libc.a(mul10.o)
                0x00004bc2                __mulhi_const_10
 .text.avr-libc
                0x00004bd2       0x44 /usr/local/CrossPack-AVR-20131216/lib/gcc/avr/4.8.1/../../../../avr/lib/avr5/libc.a(sprintf.o)
                0x00004bd2                sprintf
 .text.avr-libc
                0x00004c16       0x32 /usr/local/CrossPack-AVR-20131216/lib/gcc/avr/4.8.1/../../../../avr/lib/avr5/libc.a(sscanf.o)
                0x00004c16                sscanf
 .text.avr-libc
                0x00004c48      0x3a4 /usr/local/CrossPack-AVR-20131216/lib/gcc/avr/4.8.1/../../../../avr/lib/avr5/libc.a(vfprintf_std.o)
                0x00004c48                vfprintf
 .text.avr-libc
                0x00004fec      0x56a /usr/local/CrossPack-AVR-20131216/lib/gcc/avr/4.8.1/../../../../avr/lib/avr5/libc.a(vfscanf_std.o)
                0x000052e8                vfscanf
 .text.avr-libc
                0x00005556       0x10 /usr/local/CrossPack-AVR-20131216/lib/gcc/avr/4.8.1/../../../../avr/lib/avr5/libc.a(isspace.o)
                0x00005556                isspace
 .text.avr-libc
                0x00005566       0x16 /usr/local/CrossPack-AVR-20131216/lib/gcc/avr/4.8.1/../../../../avr/lib/avr5/libc.a(strchr_P.o)
                0x00005566                strchr_P
 .text.avr-libc
                0x0000557c       0x16 /usr/local/CrossPack-AVR-20131216/lib/gcc/avr/4.8.1/../../../../avr/lib/avr5/libc.a(strnlen_P.o)
                0x0000557c                strnlen_P
 .text.avr-libc
                0x00005592       0x16 /usr/local/CrossPack-AVR-20131216/lib/gcc/avr/4.8.1/../../../../avr/lib/avr5/libc.a(strnlen.o)
                0x00005592                strnlen
 .text.avr-libc
                0x000055a8       0x7c /usr/local/CrossPack-AVR-20131216/lib/gcc/avr/4.8.1/../../../../avr/lib/avr5/libc.a(fgetc.o)
                0x000055a8                fgetc
 .text.avr-libc
                0x00005624       0x64 /usr/local/CrossPack-AVR-20131216/lib/gcc/avr/4.8.1/../../../../avr/lib/avr5/libc.a(fputc.o)
                0x00005624                fputc
 .text.avr-libc
                0x00005688       0x32 /usr/local/CrossPack-AVR-20131216/lib/gcc/avr/4.8.1/../../../../avr/lib/avr5/libc.a(ungetc.o)
                0x00005688                ungetc
 .text.avr-libc
                0x000056ba       0xbc /usr/local/CrossPack-AVR-20131216/lib/gcc/avr/4.8.1/../../../../avr/lib/avr5/libc.a(ultoa_invert.o)
                0x000056ba                __ultoa_invert
 .text.avr-libc
                0x00005776        0x6 /usr/local/CrossPack-AVR-20131216/lib/gcc/avr/4.8.1/../../../../avr/lib/avr5/libc.a(cty_isfalse.o)
                0x00005776                __ctype_isfalse
                0x0000577a                __ctype_istrue
 .text.libgcc.mul
                0x0000577c       0x10 /usr/local/CrossPack-AVR-20131216/lib/gcc/avr/4.8.1/avr5/libgcc.a(_mulshisi3.o)
                0x0000577c                __mulshisi3
                0x00005782                __mulohisi3
 .text.libgcc.div
                0x0000578c        0x0 /usr/local/CrossPack-AVR-20131216/lib/gcc/avr/4.8.1/avr5/libgcc.a(_mulshisi3.o)
 .text.libgcc   0x0000578c        0x0 /usr/local/CrossPack-AVR-20131216/lib/gcc/avr/4.8.1/avr5/libgcc.a(_mulshisi3.o)
 .text.libgcc.prologue
                0x0000578c        0x0 /usr/local/CrossPack-AVR-20131216/lib/gcc/avr/4.8.1/avr5/libgcc.a(_mulshisi3.o)
 .text.libgcc.builtins
                0x0000578c        0x0 /usr/local/CrossPack-AVR-20131216/lib/gcc/avr/4.8.1/avr5/libgcc.a(_mulshisi3.o)
 .text.libgcc.fmul
                0x0000578c        0x0 /usr/local/CrossPack-AVR-20131216/lib/gcc/avr/4.8.1/avr5/libgcc.a(_mulshisi3.o)
 .text.libgcc.fixed
                0x0000578c        0x0 /usr/local/CrossPack-AVR-20131216/lib/gcc/avr/4.8.1/avr5/libgcc.a(_mulshisi3.o)
 .text.libgcc.mul
                0x0000578c        0x0 /usr/local/CrossPack-AVR-20131216/lib/gcc/avr/4.8.1/avr5/libgcc.a(_prologue.o)
 .text.libgcc.div
                0x0000578c        0x0 /usr/local/CrossPack-AVR-20131216/lib/gcc/avr/4.8.1/avr5/libgcc.a(_prologue.o)
 .text.libgcc   0x0000578c        0x0 /usr/local/CrossPack-AVR-20131216/lib/gcc/avr/4.8.1/avr5/libgcc.a(_prologue.o)
 .text.libgcc.prologue
                0x0000578c       0x38 /usr/local/CrossPack-AVR-20131216/lib/gcc/avr/4.8.1/avr5/libgcc.a(_prologue.o)
                0x0000578c                __prologue_saves__
 .text.libgcc.builtins
                0x000057c4        0x0 /usr/local/CrossPack-AVR-20131216/lib/gcc/avr/4.8.1/avr5/libgcc.a(_prologue.o)
 .text.libgcc.fmul
                0x000057c4        0x0 /usr/local/CrossPack-AVR-20131216/lib/gcc/avr/4.8.1/avr5/libgcc.a(_prologue.o)
 .text.libgcc.fixed
                0x000057c4        0x0 /usr/local/CrossPack-AVR-20131216/lib/gcc/avr/4.8.1/avr5/libgcc.a(_prologue.o)
 .text.libgcc.mul
                0x000057c4        0x0 /usr/local/CrossPack-AVR-20131216/lib/gcc/avr/4.8.1/avr5/libgcc.a(_epilogue.o)
 .text.libgcc.div
                0x000057c4        0x0 /usr/local/CrossPack-AVR-20131216/lib/gcc/avr/4.8.1/avr5/libgcc.a(_epilogue.o)
 .text.libgcc   0x000057c4        0x0 /usr/local/CrossPack-AVR-20131216/lib/gcc/avr/4.8.1/avr5/libgcc.a(_epilogue.o)
 .text.libgcc.prologue
                0x000057c4       0x36 /usr/local/CrossPack-AVR-20131216/lib/gcc/avr/4.8.1/avr5/libgcc.a(_epilogue.o)
                0x000057c4                __epilogue_restores__
 .text.libgcc.builtins
                0x000057fa        0x0 /usr/local/CrossPack-AVR-20131216/lib/gcc/avr/4.8.1/avr5/libgcc.a(_epilogue.o)
 .text.libgcc.fmul
                0x000057fa        0x0 /usr/local/CrossPack-AVR-20131216/lib/gcc/avr/4.8.1/avr5/libgcc.a(_epilogue.o)
 .text.libgcc.fixed
                0x000057fa        0x0 /usr/local/CrossPack-AVR-20131216/lib/gcc/avr/4.8.1/avr5/libgcc.a(_epilogue.o)
                0x000057fa                . = ALIGN (0x2)
 *(.fini9)
 .fini9         0x000057fa        0x0 /usr/local/CrossPack-AVR-20131216/lib/gcc/avr/4.8.1/avr5/libgcc.a(_exit.o)
                0x000057fa                exit
                0x000057fa                _exit
 *(.fini9)
 *(.fini8)
 *(.fini8)
 *(.fini7)
 *(.fini7)
 *(.fini6)
 *(.fini6)
 *(.fini5)
 *(.fini5)
 *(.fini4)
 *(.fini4)
 *(.fini3)
 *(.fini3)
 *(.fini2)
 *(.fini2)
 *(.fini1)
 *(.fini1)
 *(.fini0)
 .fini0         0x000057fa        0x4 /usr/local/CrossPack-AVR-20131216/lib/gcc/avr/4.8.1/avr5/libgcc.a(_exit.o)
 *(.fini0)
                0x000057fe                _etext = .

.data           0x00800100      0x182 load address 0x000057fe
                0x00800100                PROVIDE (__data_start, .)
 *(.data)
 .data          0x00800100        0x0 /usr/local/CrossPack-AVR-20131216/lib/gcc/avr/4.8.1/../../../../avr/lib/avr5/crtm328p.o
 .data          0x00800100        0x0 ./MP3sound.o
 .data          0x00800100        0x0 ./fifo.o
 .data          0x00800100        0x0 ./i2c.o
 .data          0x00800100        0x0 ./main.o
 .data          0x00800100        0x0 ./realtime.o
 .data          0x00800100        0x0 ./sequencer.o
 .data          0x00800100        0x0 ./serial.o
 .data          0x00800100        0x0 ./servo.o
 .data          0x00800100        0x0 ./suart.o
 .data          0x00800100        0x0 ./wmath.o
 .data          0x00800100        0x0 /usr/local/CrossPack-AVR-20131216/lib/gcc/avr/4.8.1/avr5/libgcc.a(_mulsi3.o)
 .data          0x00800100        0x0 /usr/local/CrossPack-AVR-20131216/lib/gcc/avr/4.8.1/avr5/libgcc.a(_divmodhi4.o)
 .data          0x00800100        0x0 /usr/local/CrossPack-AVR-20131216/lib/gcc/avr/4.8.1/avr5/libgcc.a(_udivmodsi4.o)
 .data          0x00800100        0x0 /usr/local/CrossPack-AVR-20131216/lib/gcc/avr/4.8.1/avr5/libgcc.a(_divmodsi4.o)
 .data          0x00800100        0x0 /usr/local/CrossPack-AVR-20131216/lib/gcc/avr/4.8.1/avr5/libgcc.a(_negsi2.o)
 .data          0x00800100        0x0 /usr/local/CrossPack-AVR-20131216/lib/gcc/avr/4.8.1/avr5/libgcc.a(_exit.o)
 .data          0x00800100        0x0 /usr/local/CrossPack-AVR-20131216/lib/gcc/avr/4.8.1/avr5/libgcc.a(_tablejump.o)
 .data          0x00800100        0x0 /usr/local/CrossPack-AVR-20131216/lib/gcc/avr/4.8.1/avr5/libgcc.a(_copy_data.o)
 .data          0x00800100        0x0 /usr/local/CrossPack-AVR-20131216/lib/gcc/avr/4.8.1/avr5/libgcc.a(_clear_bss.o)
 .data          0x00800100        0x0 /usr/local/CrossPack-AVR-20131216/lib/gcc/avr/4.8.1/avr5/libgcc.a(_muluhisi3.o)
 .data          0x00800100        0x0 /usr/local/CrossPack-AVR-20131216/lib/gcc/avr/4.8.1/avr5/libgcc.a(_udivmodhi4.o)
 .data          0x00800100        0x0 /usr/local/CrossPack-AVR-20131216/lib/gcc/avr/4.8.1/avr5/libgcc.a(_umulhisi3.o)
 .data          0x00800100        0x4 /usr/local/CrossPack-AVR-20131216/lib/gcc/avr/4.8.1/../../../../avr/lib/avr5/libc.a(rand.o)
 .data          0x00800104        0x4 /usr/local/CrossPack-AVR-20131216/lib/gcc/avr/4.8.1/../../../../avr/lib/avr5/libc.a(random.o)
 .data          0x00800108        0x0 /usr/local/CrossPack-AVR-20131216/lib/gcc/avr/4.8.1/../../../../avr/lib/avr5/libc.a(atoi.o)
 .data          0x00800108        0x0 /usr/local/CrossPack-AVR-20131216/lib/gcc/avr/4.8.1/../../../../avr/lib/avr5/libc.a(strtok.o)
 .data          0x00800108        0x0 /usr/local/CrossPack-AVR-20131216/lib/gcc/avr/4.8.1/../../../../avr/lib/avr5/libc.a(strcmp.o)
 .data          0x00800108        0x0 /usr/local/CrossPack-AVR-20131216/lib/gcc/avr/4.8.1/../../../../avr/lib/avr5/libc.a(strcpy.o)
 .data          0x00800108        0x0 /usr/local/CrossPack-AVR-20131216/lib/gcc/avr/4.8.1/../../../../avr/lib/avr5/libc.a(strtok_r.o)
 .data          0x00800108        0x0 /usr/local/CrossPack-AVR-20131216/lib/gcc/avr/4.8.1/../../../../avr/lib/avr5/libc.a(mul10.o)
 .data          0x00800108        0x0 /usr/local/CrossPack-AVR-20131216/lib/gcc/avr/4.8.1/../../../../avr/lib/avr5/libc.a(sprintf.o)
 .data          0x00800108        0x0 /usr/local/CrossPack-AVR-20131216/lib/gcc/avr/4.8.1/../../../../avr/lib/avr5/libc.a(sscanf.o)
 .data          0x00800108        0x0 /usr/local/CrossPack-AVR-20131216/lib/gcc/avr/4.8.1/../../../../avr/lib/avr5/libc.a(vfprintf_std.o)
 .data          0x00800108        0x0 /usr/local/CrossPack-AVR-20131216/lib/gcc/avr/4.8.1/../../../../avr/lib/avr5/libc.a(vfscanf_std.o)
 .data          0x00800108        0x0 /usr/local/CrossPack-AVR-20131216/lib/gcc/avr/4.8.1/../../../../avr/lib/avr5/libc.a(isspace.o)
 .data          0x00800108        0x0 /usr/local/CrossPack-AVR-20131216/lib/gcc/avr/4.8.1/../../../../avr/lib/avr5/libc.a(strchr_P.o)
 .data          0x00800108        0x0 /usr/local/CrossPack-AVR-20131216/lib/gcc/avr/4.8.1/../../../../avr/lib/avr5/libc.a(strnlen_P.o)
 .data          0x00800108        0x0 /usr/local/CrossPack-AVR-20131216/lib/gcc/avr/4.8.1/../../../../avr/lib/avr5/libc.a(strnlen.o)
 .data          0x00800108        0x0 /usr/local/CrossPack-AVR-20131216/lib/gcc/avr/4.8.1/../../../../avr/lib/avr5/libc.a(fgetc.o)
 .data          0x00800108        0x0 /usr/local/CrossPack-AVR-20131216/lib/gcc/avr/4.8.1/../../../../avr/lib/avr5/libc.a(fputc.o)
 .data          0x00800108        0x0 /usr/local/CrossPack-AVR-20131216/lib/gcc/avr/4.8.1/../../../../avr/lib/avr5/libc.a(ungetc.o)
 .data          0x00800108        0x0 /usr/local/CrossPack-AVR-20131216/lib/gcc/avr/4.8.1/../../../../avr/lib/avr5/libc.a(ultoa_invert.o)
 .data          0x00800108        0x0 /usr/local/CrossPack-AVR-20131216/lib/gcc/avr/4.8.1/../../../../avr/lib/avr5/libc.a(cty_isfalse.o)
 .data          0x00800108        0x0 /usr/local/CrossPack-AVR-20131216/lib/gcc/avr/4.8.1/avr5/libgcc.a(_mulshisi3.o)
 .data          0x00800108        0x0 /usr/local/CrossPack-AVR-20131216/lib/gcc/avr/4.8.1/avr5/libgcc.a(_prologue.o)
 .data          0x00800108        0x0 /usr/local/CrossPack-AVR-20131216/lib/gcc/avr/4.8.1/avr5/libgcc.a(_epilogue.o)
 *(.data*)
 .data.mp3_volume
                0x00800108        0x1 ./MP3sound.o
 .data.panel_close_values
                0x00800109       0x14 ./main.o
                0x00800109                panel_close_values
 .data.panel_open_values
                0x0080011d       0x14 ./main.o
                0x0080011d                panel_open_values
 .data.panel_super_slow_speed
                0x00800131       0x14 ./main.o
                0x00800131                panel_super_slow_speed
 .data.panel_slow_speed
                0x00800145       0x14 ./main.o
                0x00800145                panel_slow_speed
 .data.panel_medium_speed
                0x00800159       0x14 ./main.o
                0x00800159                panel_medium_speed
 *(.rodata)
 *(.rodata*)
 .rodata.mp3_max_sounds
                0x0080016d        0x9 ./MP3sound.o
 .rodata.str1.1
                0x00800176      0x109 ./main.o
 .rodata.XMIT_START_ADJUSTMENT
                0x0080027f        0x2 ./suart.o
                0x0080027f                XMIT_START_ADJUSTMENT
 *(.gnu.linkonce.d*)
                0x00800282                . = ALIGN (0x2)
 *fill*         0x00800281        0x1 
                0x00800282                _edata = .
                0x00800282                PROVIDE (__data_end, .)

.bss            0x00800282      0x293
                0x00800282                PROVIDE (__bss_start, .)
 *(.bss)
 .bss           0x00800282        0x0 /usr/local/CrossPack-AVR-20131216/lib/gcc/avr/4.8.1/../../../../avr/lib/avr5/crtm328p.o
 .bss           0x00800282        0x0 ./MP3sound.o
 .bss           0x00800282        0x0 ./fifo.o
 .bss           0x00800282        0x0 ./i2c.o
 .bss           0x00800282        0x0 ./main.o
 .bss           0x00800282        0x0 ./realtime.o
 .bss           0x00800282        0x0 ./sequencer.o
 .bss           0x00800282        0x0 ./serial.o
 .bss           0x00800282        0x0 ./servo.o
 .bss           0x00800282        0x0 ./suart.o
 .bss           0x00800282        0x0 ./wmath.o
 .bss           0x00800282        0x0 /usr/local/CrossPack-AVR-20131216/lib/gcc/avr/4.8.1/avr5/libgcc.a(_mulsi3.o)
 .bss           0x00800282        0x0 /usr/local/CrossPack-AVR-20131216/lib/gcc/avr/4.8.1/avr5/libgcc.a(_divmodhi4.o)
 .bss           0x00800282        0x0 /usr/local/CrossPack-AVR-20131216/lib/gcc/avr/4.8.1/avr5/libgcc.a(_udivmodsi4.o)
 .bss           0x00800282        0x0 /usr/local/CrossPack-AVR-20131216/lib/gcc/avr/4.8.1/avr5/libgcc.a(_divmodsi4.o)
 .bss           0x00800282        0x0 /usr/local/CrossPack-AVR-20131216/lib/gcc/avr/4.8.1/avr5/libgcc.a(_negsi2.o)
 .bss           0x00800282        0x0 /usr/local/CrossPack-AVR-20131216/lib/gcc/avr/4.8.1/avr5/libgcc.a(_exit.o)
 .bss           0x00800282        0x0 /usr/local/CrossPack-AVR-20131216/lib/gcc/avr/4.8.1/avr5/libgcc.a(_tablejump.o)
 .bss           0x00800282        0x0 /usr/local/CrossPack-AVR-20131216/lib/gcc/avr/4.8.1/avr5/libgcc.a(_copy_data.o)
 .bss           0x00800282        0x0 /usr/local/CrossPack-AVR-20131216/lib/gcc/avr/4.8.1/avr5/libgcc.a(_clear_bss.o)
 .bss           0x00800282        0x0 /usr/local/CrossPack-AVR-20131216/lib/gcc/avr/4.8.1/avr5/libgcc.a(_muluhisi3.o)
 .bss           0x00800282        0x0 /usr/local/CrossPack-AVR-20131216/lib/gcc/avr/4.8.1/avr5/libgcc.a(_udivmodhi4.o)
 .bss           0x00800282        0x0 /usr/local/CrossPack-AVR-20131216/lib/gcc/avr/4.8.1/avr5/libgcc.a(_umulhisi3.o)
 .bss           0x00800282        0x0 /usr/local/CrossPack-AVR-20131216/lib/gcc/avr/4.8.1/../../../../avr/lib/avr5/libc.a(rand.o)
 .bss           0x00800282        0x0 /usr/local/CrossPack-AVR-20131216/lib/gcc/avr/4.8.1/../../../../avr/lib/avr5/libc.a(random.o)
 .bss           0x00800282        0x0 /usr/local/CrossPack-AVR-20131216/lib/gcc/avr/4.8.1/../../../../avr/lib/avr5/libc.a(atoi.o)
 .bss           0x00800282        0x2 /usr/local/CrossPack-AVR-20131216/lib/gcc/avr/4.8.1/../../../../avr/lib/avr5/libc.a(strtok.o)
 .bss           0x00800284        0x0 /usr/local/CrossPack-AVR-20131216/lib/gcc/avr/4.8.1/../../../../avr/lib/avr5/libc.a(strcmp.o)
 .bss           0x00800284        0x0 /usr/local/CrossPack-AVR-20131216/lib/gcc/avr/4.8.1/../../../../avr/lib/avr5/libc.a(strcpy.o)
 .bss           0x00800284        0x0 /usr/local/CrossPack-AVR-20131216/lib/gcc/avr/4.8.1/../../../../avr/lib/avr5/libc.a(strtok_r.o)
 .bss           0x00800284        0x0 /usr/local/CrossPack-AVR-20131216/lib/gcc/avr/4.8.1/../../../../avr/lib/avr5/libc.a(mul10.o)
 .bss           0x00800284        0x0 /usr/local/CrossPack-AVR-20131216/lib/gcc/avr/4.8.1/../../../../avr/lib/avr5/libc.a(sprintf.o)
 .bss           0x00800284        0x0 /usr/local/CrossPack-AVR-20131216/lib/gcc/avr/4.8.1/../../../../avr/lib/avr5/libc.a(sscanf.o)
 .bss           0x00800284        0x0 /usr/local/CrossPack-AVR-20131216/lib/gcc/avr/4.8.1/../../../../avr/lib/avr5/libc.a(vfprintf_std.o)
 .bss           0x00800284        0x0 /usr/local/CrossPack-AVR-20131216/lib/gcc/avr/4.8.1/../../../../avr/lib/avr5/libc.a(vfscanf_std.o)
 .bss           0x00800284        0x0 /usr/local/CrossPack-AVR-20131216/lib/gcc/avr/4.8.1/../../../../avr/lib/avr5/libc.a(isspace.o)
 .bss           0x00800284        0x0 /usr/local/CrossPack-AVR-20131216/lib/gcc/avr/4.8.1/../../../../avr/lib/avr5/libc.a(strchr_P.o)
 .bss           0x00800284        0x0 /usr/local/CrossPack-AVR-20131216/lib/gcc/avr/4.8.1/../../../../avr/lib/avr5/libc.a(strnlen_P.o)
 .bss           0x00800284        0x0 /usr/local/CrossPack-AVR-20131216/lib/gcc/avr/4.8.1/../../../../avr/lib/avr5/libc.a(strnlen.o)
 .bss           0x00800284        0x0 /usr/local/CrossPack-AVR-20131216/lib/gcc/avr/4.8.1/../../../../avr/lib/avr5/libc.a(fgetc.o)
 .bss           0x00800284        0x0 /usr/local/CrossPack-AVR-20131216/lib/gcc/avr/4.8.1/../../../../avr/lib/avr5/libc.a(fputc.o)
 .bss           0x00800284        0x0 /usr/local/CrossPack-AVR-20131216/lib/gcc/avr/4.8.1/../../../../avr/lib/avr5/libc.a(ungetc.o)
 .bss           0x00800284        0x0 /usr/local/CrossPack-AVR-20131216/lib/gcc/avr/4.8.1/../../../../avr/lib/avr5/libc.a(ultoa_invert.o)
 .bss           0x00800284        0x0 /usr/local/CrossPack-AVR-20131216/lib/gcc/avr/4.8.1/../../../../avr/lib/avr5/libc.a(cty_isfalse.o)
 .bss           0x00800284        0x0 /usr/local/CrossPack-AVR-20131216/lib/gcc/avr/4.8.1/avr5/libgcc.a(_mulshisi3.o)
 .bss           0x00800284        0x0 /usr/local/CrossPack-AVR-20131216/lib/gcc/avr/4.8.1/avr5/libgcc.a(_prologue.o)
 .bss           0x00800284        0x0 /usr/local/CrossPack-AVR-20131216/lib/gcc/avr/4.8.1/avr5/libgcc.a(_epilogue.o)
 *(.bss*)
 .bss.mp3_random_mode_flag
                0x00800284        0x1 ./MP3sound.o
                0x00800284                mp3_random_mode_flag
 .bss.saveflag  0x00800285        0x1 ./MP3sound.o
 .bss.mp3_bank_indexes
                0x00800286        0x9 ./MP3sound.o
 .bss.i2c_status_
                0x0080028f        0x1 ./i2c.o
 .bss.pos.2494  0x00800290        0x1 ./main.o
 .bss.feedbackmessageon
                0x00800291        0x1 ./main.o
                0x00800291                feedbackmessageon
 .bss.errormessageon
                0x00800292        0x1 ./main.o
                0x00800292                errormessageon
 .bss.panel_fast_speed
                0x00800293       0x14 ./main.o
                0x00800293                panel_fast_speed
 .bss.countseconds.1533
                0x008002a7        0x1 ./realtime.o
 .bss.counter_phase.1534
                0x008002a8        0x1 ./realtime.o
 .bss.sequence_length
                0x008002a9        0x1 ./sequencer.o
 .bss.sequence_array
                0x008002aa        0x2 ./sequencer.o
 .bss.sequence_started
                0x008002ac        0x1 ./sequencer.o
 .bss.sequence_step
                0x008002ad        0x1 ./sequencer.o
 .bss.servo_speed
                0x008002ae       0x14 ./sequencer.o
 .bss.current_servo
                0x008002c2        0x1 ./servo.o
 .bss._tx2_delay
                0x008002c3        0x2 ./suart.o
 .bss._rx2_delay_stopbit
                0x008002c5        0x2 ./suart.o
 .bss._rx2_delay_intrabit
                0x008002c7        0x2 ./suart.o
 .bss._rx2_delay_centering
                0x008002c9        0x2 ./suart.o
 .bss._tx_delay
                0x008002cb        0x2 ./suart.o
 .bss._rx_delay_stopbit
                0x008002cd        0x2 ./suart.o
 .bss._rx_delay_intrabit
                0x008002cf        0x2 ./suart.o
 .bss._rx_delay_centering
                0x008002d1        0x2 ./suart.o
 *(COMMON)
 COMMON         0x008002d3        0x2 ./MP3sound.o
                0x008002d3                mp3_random_timer
 COMMON         0x008002d5        0x2 ./i2c.o
                0x008002d5                rt_timeout_i2c
 COMMON         0x008002d7       0x58 ./main.o
                0x008002d7                panel_rc_control
                0x008002e1                killbuzz_timer
                0x008002e3                panel_to_silence
                0x008002ed                command_buffer
                0x0080032d                TCP_timer
 COMMON         0x0080032f       0x24 ./realtime.o
                0x0080032f                rt_seconds
                0x00800331                rt_function_array
                0x00800337                hundreds
                0x00800338                rt_timer_array
                0x0080034c                rt_count2
                0x0080034e                seconds
                0x0080034f                rt_count1
                0x00800351                minutes
                0x00800352                hours
 COMMON         0x00800353       0x2c ./sequencer.o
                0x00800353                seq_current
                0x00800367                seq_completion_callback
                0x00800369                seq_goal
                0x0080037d                seq_timeout
 COMMON         0x0080037f      0x14f ./serial.o
                0x0080037f                inbuf
                0x008003bf                outfifo
                0x008003c7                infifo
                0x008003cf                outbuf
 COMMON         0x008004ce       0x47 ./servo.o
                0x008004ce                servo_value
                0x008004e6                servo_rcvalid
                0x008004e7                servo_rcend
                0x008004e9                servo_rcbegin
                0x008004eb                servo_pin
                0x008004f7                servo_rctimeout
                0x008004f8                servo_port
                0x00800510                servo_gotpulse
                0x00800511                servo_rctemp
                0x00800513                servo_rcpulse
                0x00800515                PROVIDE (__bss_end, .)
                0x000057fe                __data_load_start = LOADADDR (.data)
                0x00005980                __data_load_end = (__data_load_start + SIZEOF (.data))

.noinit         0x00800515        0x0
                0x00800515                PROVIDE (__noinit_start, .)
 *(.noinit*)
                0x00800515                PROVIDE (__noinit_end, .)
                0x00800515                _end = .
                0x00800515                PROVIDE (__heap_start, .)

.eeprom         0x00810000        0x0
 *(.eeprom*)
                0x00810000                __eeprom_end = .

.fuse
 *(.fuse)
 *(.lfuse)
 *(.hfuse)
 *(.efuse)

.lock
 *(.lock*)

.signature
 *(.signature*)

.user_signatures
 *(.user_signatures*)

.stab
 *(.stab)

.stabstr
 *(.stabstr)

.stab.excl
 *(.stab.excl)

.stab.exclstr
 *(.stab.exclstr)

.stab.index
 *(.stab.index)

.stab.indexstr
 *(.stab.indexstr)

.comment        0x00000000       0x11
 *(.comment)
 .comment       0x00000000       0x11 ./MP3sound.o
                                 0x12 (size before relaxing)
 .comment       0x00000000       0x12 ./fifo.o
 .comment       0x00000000       0x12 ./i2c.o
 .comment       0x00000000       0x12 ./main.o
 .comment       0x00000000       0x12 ./realtime.o
 .comment       0x00000000       0x12 ./sequencer.o
 .comment       0x00000000       0x12 ./serial.o
 .comment       0x00000000       0x12 ./servo.o
 .comment       0x00000000       0x12 ./suart.o
 .comment       0x00000000       0x12 ./wmath.o
 .comment       0x00000000       0x12 /usr/local/CrossPack-AVR-20131216/lib/gcc/avr/4.8.1/../../../../avr/lib/avr5/libc.a(rand.o)
 .comment       0x00000000       0x12 /usr/local/CrossPack-AVR-20131216/lib/gcc/avr/4.8.1/../../../../avr/lib/avr5/libc.a(random.o)
 .comment       0x00000000       0x12 /usr/local/CrossPack-AVR-20131216/lib/gcc/avr/4.8.1/../../../../avr/lib/avr5/libc.a(strtok.o)
 .comment       0x00000000       0x12 /usr/local/CrossPack-AVR-20131216/lib/gcc/avr/4.8.1/../../../../avr/lib/avr5/libc.a(sprintf.o)
 .comment       0x00000000       0x12 /usr/local/CrossPack-AVR-20131216/lib/gcc/avr/4.8.1/../../../../avr/lib/avr5/libc.a(sscanf.o)
 .comment       0x00000000       0x12 /usr/local/CrossPack-AVR-20131216/lib/gcc/avr/4.8.1/../../../../avr/lib/avr5/libc.a(vfprintf_std.o)
 .comment       0x00000000       0x12 /usr/local/CrossPack-AVR-20131216/lib/gcc/avr/4.8.1/../../../../avr/lib/avr5/libc.a(vfscanf_std.o)
 .comment       0x00000000       0x12 /usr/local/CrossPack-AVR-20131216/lib/gcc/avr/4.8.1/../../../../avr/lib/avr5/libc.a(fgetc.o)
 .comment       0x00000000       0x12 /usr/local/CrossPack-AVR-20131216/lib/gcc/avr/4.8.1/../../../../avr/lib/avr5/libc.a(fputc.o)
 .comment       0x00000000       0x12 /usr/local/CrossPack-AVR-20131216/lib/gcc/avr/4.8.1/../../../../avr/lib/avr5/libc.a(ungetc.o)

.debug
 *(.debug)

.line
 *(.line)

.debug_srcinfo
 *(.debug_srcinfo)

.debug_sfnames
 *(.debug_sfnames)

.debug_aranges  0x00000000      0x1e0
 *(.debug_aranges)
 .debug_aranges
                0x00000000       0x20 /usr/local/CrossPack-AVR-20131216/lib/gcc/avr/4.8.1/avr5/libgcc.a(_mulsi3.o)
 .debug_aranges
                0x00000020       0x20 /usr/local/CrossPack-AVR-20131216/lib/gcc/avr/4.8.1/avr5/libgcc.a(_divmodhi4.o)
 .debug_aranges
                0x00000040       0x20 /usr/local/CrossPack-AVR-20131216/lib/gcc/avr/4.8.1/avr5/libgcc.a(_udivmodsi4.o)
 .debug_aranges
                0x00000060       0x20 /usr/local/CrossPack-AVR-20131216/lib/gcc/avr/4.8.1/avr5/libgcc.a(_divmodsi4.o)
 .debug_aranges
                0x00000080       0x20 /usr/local/CrossPack-AVR-20131216/lib/gcc/avr/4.8.1/avr5/libgcc.a(_negsi2.o)
 .debug_aranges
                0x000000a0       0x20 /usr/local/CrossPack-AVR-20131216/lib/gcc/avr/4.8.1/avr5/libgcc.a(_exit.o)
 .debug_aranges
                0x000000c0       0x20 /usr/local/CrossPack-AVR-20131216/lib/gcc/avr/4.8.1/avr5/libgcc.a(_tablejump.o)
 .debug_aranges
                0x000000e0       0x20 /usr/local/CrossPack-AVR-20131216/lib/gcc/avr/4.8.1/avr5/libgcc.a(_copy_data.o)
 .debug_aranges
                0x00000100       0x20 /usr/local/CrossPack-AVR-20131216/lib/gcc/avr/4.8.1/avr5/libgcc.a(_clear_bss.o)
 .debug_aranges
                0x00000120       0x20 /usr/local/CrossPack-AVR-20131216/lib/gcc/avr/4.8.1/avr5/libgcc.a(_muluhisi3.o)
 .debug_aranges
                0x00000140       0x20 /usr/local/CrossPack-AVR-20131216/lib/gcc/avr/4.8.1/avr5/libgcc.a(_udivmodhi4.o)
 .debug_aranges
                0x00000160       0x20 /usr/local/CrossPack-AVR-20131216/lib/gcc/avr/4.8.1/avr5/libgcc.a(_umulhisi3.o)
 .debug_aranges
                0x00000180       0x20 /usr/local/CrossPack-AVR-20131216/lib/gcc/avr/4.8.1/avr5/libgcc.a(_mulshisi3.o)
 .debug_aranges
                0x000001a0       0x20 /usr/local/CrossPack-AVR-20131216/lib/gcc/avr/4.8.1/avr5/libgcc.a(_prologue.o)
 .debug_aranges
                0x000001c0       0x20 /usr/local/CrossPack-AVR-20131216/lib/gcc/avr/4.8.1/avr5/libgcc.a(_epilogue.o)

.debug_pubnames
 *(.debug_pubnames)

.debug_info     0x00000000      0xb22
 *(.debug_info)
 .debug_info    0x00000000       0xbe /usr/local/CrossPack-AVR-20131216/lib/gcc/avr/4.8.1/avr5/libgcc.a(_mulsi3.o)
 .debug_info    0x000000be       0xbe /usr/local/CrossPack-AVR-20131216/lib/gcc/avr/4.8.1/avr5/libgcc.a(_divmodhi4.o)
 .debug_info    0x0000017c       0xbe /usr/local/CrossPack-AVR-20131216/lib/gcc/avr/4.8.1/avr5/libgcc.a(_udivmodsi4.o)
 .debug_info    0x0000023a       0xbe /usr/local/CrossPack-AVR-20131216/lib/gcc/avr/4.8.1/avr5/libgcc.a(_divmodsi4.o)
 .debug_info    0x000002f8       0xbe /usr/local/CrossPack-AVR-20131216/lib/gcc/avr/4.8.1/avr5/libgcc.a(_negsi2.o)
 .debug_info    0x000003b6       0xbe /usr/local/CrossPack-AVR-20131216/lib/gcc/avr/4.8.1/avr5/libgcc.a(_exit.o)
 .debug_info    0x00000474       0xbe /usr/local/CrossPack-AVR-20131216/lib/gcc/avr/4.8.1/avr5/libgcc.a(_tablejump.o)
 .debug_info    0x00000532       0xbe /usr/local/CrossPack-AVR-20131216/lib/gcc/avr/4.8.1/avr5/libgcc.a(_copy_data.o)
 .debug_info    0x000005f0       0xbe /usr/local/CrossPack-AVR-20131216/lib/gcc/avr/4.8.1/avr5/libgcc.a(_clear_bss.o)
 .debug_info    0x000006ae       0xbe /usr/local/CrossPack-AVR-20131216/lib/gcc/avr/4.8.1/avr5/libgcc.a(_muluhisi3.o)
 .debug_info    0x0000076c       0xbe /usr/local/CrossPack-AVR-20131216/lib/gcc/avr/4.8.1/avr5/libgcc.a(_udivmodhi4.o)
 .debug_info    0x0000082a       0xbe /usr/local/CrossPack-AVR-20131216/lib/gcc/avr/4.8.1/avr5/libgcc.a(_umulhisi3.o)
 .debug_info    0x000008e8       0xbe /usr/local/CrossPack-AVR-20131216/lib/gcc/avr/4.8.1/avr5/libgcc.a(_mulshisi3.o)
 .debug_info    0x000009a6       0xbe /usr/local/CrossPack-AVR-20131216/lib/gcc/avr/4.8.1/avr5/libgcc.a(_prologue.o)
 .debug_info    0x00000a64       0xbe /usr/local/CrossPack-AVR-20131216/lib/gcc/avr/4.8.1/avr5/libgcc.a(_epilogue.o)
 *(.gnu.linkonce.wi.*)

.debug_abbrev   0x00000000      0x12c
 *(.debug_abbrev)
 .debug_abbrev  0x00000000       0x14 /usr/local/CrossPack-AVR-20131216/lib/gcc/avr/4.8.1/avr5/libgcc.a(_mulsi3.o)
 .debug_abbrev  0x00000014       0x14 /usr/local/CrossPack-AVR-20131216/lib/gcc/avr/4.8.1/avr5/libgcc.a(_divmodhi4.o)
 .debug_abbrev  0x00000028       0x14 /usr/local/CrossPack-AVR-20131216/lib/gcc/avr/4.8.1/avr5/libgcc.a(_udivmodsi4.o)
 .debug_abbrev  0x0000003c       0x14 /usr/local/CrossPack-AVR-20131216/lib/gcc/avr/4.8.1/avr5/libgcc.a(_divmodsi4.o)
 .debug_abbrev  0x00000050       0x14 /usr/local/CrossPack-AVR-20131216/lib/gcc/avr/4.8.1/avr5/libgcc.a(_negsi2.o)
 .debug_abbrev  0x00000064       0x14 /usr/local/CrossPack-AVR-20131216/lib/gcc/avr/4.8.1/avr5/libgcc.a(_exit.o)
 .debug_abbrev  0x00000078       0x14 /usr/local/CrossPack-AVR-20131216/lib/gcc/avr/4.8.1/avr5/libgcc.a(_tablejump.o)
 .debug_abbrev  0x0000008c       0x14 /usr/local/CrossPack-AVR-20131216/lib/gcc/avr/4.8.1/avr5/libgcc.a(_copy_data.o)
 .debug_abbrev  0x000000a0       0x14 /usr/local/CrossPack-AVR-20131216/lib/gcc/avr/4.8.1/avr5/libgcc.a(_clear_bss.o)
 .debug_abbrev  0x000000b4       0x14 /usr/local/CrossPack-AVR-20131216/lib/gcc/avr/4.8.1/avr5/libgcc.a(_muluhisi3.o)
 .debug_abbrev  0x000000c8       0x14 /usr/local/CrossPack-AVR-20131216/lib/gcc/avr/4.8.1/avr5/libgcc.a(_udivmodhi4.o)
 .debug_abbrev  0x000000dc       0x14 /usr/local/CrossPack-AVR-20131216/lib/gcc/avr/4.8.1/avr5/libgcc.a(_umulhisi3.o)
 .debug_abbrev  0x000000f0       0x14 /usr/local/CrossPack-AVR-20131216/lib/gcc/avr/4.8.1/avr5/libgcc.a(_mulshisi3.o)
 .debug_abbrev  0x00000104       0x14 /usr/local/CrossPack-AVR-20131216/lib/gcc/avr/4.8.1/avr5/libgcc.a(_prologue.o)
 .debug_abbrev  0x00000118       0x14 /usr/local/CrossPack-AVR-20131216/lib/gcc/avr/4.8.1/avr5/libgcc.a(_epilogue.o)

.debug_line     0x00000000      0x5ed
 *(.debug_line)
 .debug_line    0x00000000       0x65 /usr/local/CrossPack-AVR-20131216/lib/gcc/avr/4.8.1/avr5/libgcc.a(_mulsi3.o)
 .debug_line    0x00000065       0x69 /usr/local/CrossPack-AVR-20131216/lib/gcc/avr/4.8.1/avr5/libgcc.a(_divmodhi4.o)
 .debug_line    0x000000ce       0x78 /usr/local/CrossPack-AVR-20131216/lib/gcc/avr/4.8.1/avr5/libgcc.a(_udivmodsi4.o)
 .debug_line    0x00000146       0x6a /usr/local/CrossPack-AVR-20131216/lib/gcc/avr/4.8.1/avr5/libgcc.a(_divmodsi4.o)
 .debug_line    0x000001b0       0x58 /usr/local/CrossPack-AVR-20131216/lib/gcc/avr/4.8.1/avr5/libgcc.a(_negsi2.o)
 .debug_line    0x00000208       0x58 /usr/local/CrossPack-AVR-20131216/lib/gcc/avr/4.8.1/avr5/libgcc.a(_exit.o)
 .debug_line    0x00000260       0x5c /usr/local/CrossPack-AVR-20131216/lib/gcc/avr/4.8.1/avr5/libgcc.a(_tablejump.o)
 .debug_line    0x000002bc       0x61 /usr/local/CrossPack-AVR-20131216/lib/gcc/avr/4.8.1/avr5/libgcc.a(_copy_data.o)
 .debug_line    0x0000031d       0x5e /usr/local/CrossPack-AVR-20131216/lib/gcc/avr/4.8.1/avr5/libgcc.a(_clear_bss.o)
 .debug_line    0x0000037b       0x60 /usr/local/CrossPack-AVR-20131216/lib/gcc/avr/4.8.1/avr5/libgcc.a(_muluhisi3.o)
 .debug_line    0x000003db       0x6a /usr/local/CrossPack-AVR-20131216/lib/gcc/avr/4.8.1/avr5/libgcc.a(_udivmodhi4.o)
 .debug_line    0x00000445       0x65 /usr/local/CrossPack-AVR-20131216/lib/gcc/avr/4.8.1/avr5/libgcc.a(_umulhisi3.o)
 .debug_line    0x000004aa       0x5c /usr/local/CrossPack-AVR-20131216/lib/gcc/avr/4.8.1/avr5/libgcc.a(_mulshisi3.o)
 .debug_line    0x00000506       0x74 /usr/local/CrossPack-AVR-20131216/lib/gcc/avr/4.8.1/avr5/libgcc.a(_prologue.o)
 .debug_line    0x0000057a       0x73 /usr/local/CrossPack-AVR-20131216/lib/gcc/avr/4.8.1/avr5/libgcc.a(_epilogue.o)

.debug_frame
 *(.debug_frame)

.debug_str
 *(.debug_str)

.debug_loc
 *(.debug_loc)

.debug_macinfo
 *(.debug_macinfo)

.debug_pubtypes
 *(.debug_pubtypes)

.debug_ranges
 *(.debug_ranges)

.debug_macro
 *(.debug_macro)
OUTPUT(EebelBodyMarcduino.elf elf32-avr)
LOAD linker stubs
